Archive member included to satisfy reference by file (symbol)

C:/ST/STM32CubeIDE_1.15.1/STM32CubeIDE/plugins/com.st.stm32cube.ide.mcu.externaltools.gnu-tools-for-stm32.12.3.rel1.win32_1.0.100.202403111256/tools/bin/../lib/gcc/arm-none-eabi/12.3.1/../../../../arm-none-eabi/lib/thumb/v7e-m+fp/hard\libc_nano.a(libc_a-exit.o)
                              C:/ST/STM32CubeIDE_1.15.1/STM32CubeIDE/plugins/com.st.stm32cube.ide.mcu.externaltools.gnu-tools-for-stm32.12.3.rel1.win32_1.0.100.202403111256/tools/bin/../lib/gcc/arm-none-eabi/12.3.1/../../../../arm-none-eabi/lib/thumb/v7e-m+fp/hard/crt0.o (exit)
C:/ST/STM32CubeIDE_1.15.1/STM32CubeIDE/plugins/com.st.stm32cube.ide.mcu.externaltools.gnu-tools-for-stm32.12.3.rel1.win32_1.0.100.202403111256/tools/bin/../lib/gcc/arm-none-eabi/12.3.1/../../../../arm-none-eabi/lib/thumb/v7e-m+fp/hard\libc_nano.a(libc_a-malloc.o)
                              ./app_drivers/src/hashmap.o (free)
C:/ST/STM32CubeIDE_1.15.1/STM32CubeIDE/plugins/com.st.stm32cube.ide.mcu.externaltools.gnu-tools-for-stm32.12.3.rel1.win32_1.0.100.202403111256/tools/bin/../lib/gcc/arm-none-eabi/12.3.1/../../../../arm-none-eabi/lib/thumb/v7e-m+fp/hard\libc_nano.a(libc_a-mallocr.o)
                              C:/ST/STM32CubeIDE_1.15.1/STM32CubeIDE/plugins/com.st.stm32cube.ide.mcu.externaltools.gnu-tools-for-stm32.12.3.rel1.win32_1.0.100.202403111256/tools/bin/../lib/gcc/arm-none-eabi/12.3.1/../../../../arm-none-eabi/lib/thumb/v7e-m+fp/hard\libc_nano.a(libc_a-malloc.o) (_malloc_r)
C:/ST/STM32CubeIDE_1.15.1/STM32CubeIDE/plugins/com.st.stm32cube.ide.mcu.externaltools.gnu-tools-for-stm32.12.3.rel1.win32_1.0.100.202403111256/tools/bin/../lib/gcc/arm-none-eabi/12.3.1/../../../../arm-none-eabi/lib/thumb/v7e-m+fp/hard\libc_nano.a(libc_a-mlock.o)
                              C:/ST/STM32CubeIDE_1.15.1/STM32CubeIDE/plugins/com.st.stm32cube.ide.mcu.externaltools.gnu-tools-for-stm32.12.3.rel1.win32_1.0.100.202403111256/tools/bin/../lib/gcc/arm-none-eabi/12.3.1/../../../../arm-none-eabi/lib/thumb/v7e-m+fp/hard\libc_nano.a(libc_a-mallocr.o) (__malloc_lock)
C:/ST/STM32CubeIDE_1.15.1/STM32CubeIDE/plugins/com.st.stm32cube.ide.mcu.externaltools.gnu-tools-for-stm32.12.3.rel1.win32_1.0.100.202403111256/tools/bin/../lib/gcc/arm-none-eabi/12.3.1/../../../../arm-none-eabi/lib/thumb/v7e-m+fp/hard\libc_nano.a(libc_a-findfp.o)
                              ./Middlewares/Third_Party/FreeRTOS/Source/tasks.o (__sf)
C:/ST/STM32CubeIDE_1.15.1/STM32CubeIDE/plugins/com.st.stm32cube.ide.mcu.externaltools.gnu-tools-for-stm32.12.3.rel1.win32_1.0.100.202403111256/tools/bin/../lib/gcc/arm-none-eabi/12.3.1/../../../../arm-none-eabi/lib/thumb/v7e-m+fp/hard\libc_nano.a(libc_a-fwalk.o)
                              C:/ST/STM32CubeIDE_1.15.1/STM32CubeIDE/plugins/com.st.stm32cube.ide.mcu.externaltools.gnu-tools-for-stm32.12.3.rel1.win32_1.0.100.202403111256/tools/bin/../lib/gcc/arm-none-eabi/12.3.1/../../../../arm-none-eabi/lib/thumb/v7e-m+fp/hard\libc_nano.a(libc_a-findfp.o) (_fwalk_sglue)
C:/ST/STM32CubeIDE_1.15.1/STM32CubeIDE/plugins/com.st.stm32cube.ide.mcu.externaltools.gnu-tools-for-stm32.12.3.rel1.win32_1.0.100.202403111256/tools/bin/../lib/gcc/arm-none-eabi/12.3.1/../../../../arm-none-eabi/lib/thumb/v7e-m+fp/hard\libc_nano.a(libc_a-stdio.o)
                              C:/ST/STM32CubeIDE_1.15.1/STM32CubeIDE/plugins/com.st.stm32cube.ide.mcu.externaltools.gnu-tools-for-stm32.12.3.rel1.win32_1.0.100.202403111256/tools/bin/../lib/gcc/arm-none-eabi/12.3.1/../../../../arm-none-eabi/lib/thumb/v7e-m+fp/hard\libc_nano.a(libc_a-findfp.o) (__sread)
C:/ST/STM32CubeIDE_1.15.1/STM32CubeIDE/plugins/com.st.stm32cube.ide.mcu.externaltools.gnu-tools-for-stm32.12.3.rel1.win32_1.0.100.202403111256/tools/bin/../lib/gcc/arm-none-eabi/12.3.1/../../../../arm-none-eabi/lib/thumb/v7e-m+fp/hard\libc_nano.a(libc_a-memset.o)
                              C:/ST/STM32CubeIDE_1.15.1/STM32CubeIDE/plugins/com.st.stm32cube.ide.mcu.externaltools.gnu-tools-for-stm32.12.3.rel1.win32_1.0.100.202403111256/tools/bin/../lib/gcc/arm-none-eabi/12.3.1/../../../../arm-none-eabi/lib/thumb/v7e-m+fp/hard/crt0.o (memset)
C:/ST/STM32CubeIDE_1.15.1/STM32CubeIDE/plugins/com.st.stm32cube.ide.mcu.externaltools.gnu-tools-for-stm32.12.3.rel1.win32_1.0.100.202403111256/tools/bin/../lib/gcc/arm-none-eabi/12.3.1/../../../../arm-none-eabi/lib/thumb/v7e-m+fp/hard\libc_nano.a(libc_a-closer.o)
                              C:/ST/STM32CubeIDE_1.15.1/STM32CubeIDE/plugins/com.st.stm32cube.ide.mcu.externaltools.gnu-tools-for-stm32.12.3.rel1.win32_1.0.100.202403111256/tools/bin/../lib/gcc/arm-none-eabi/12.3.1/../../../../arm-none-eabi/lib/thumb/v7e-m+fp/hard\libc_nano.a(libc_a-stdio.o) (_close_r)
C:/ST/STM32CubeIDE_1.15.1/STM32CubeIDE/plugins/com.st.stm32cube.ide.mcu.externaltools.gnu-tools-for-stm32.12.3.rel1.win32_1.0.100.202403111256/tools/bin/../lib/gcc/arm-none-eabi/12.3.1/../../../../arm-none-eabi/lib/thumb/v7e-m+fp/hard\libc_nano.a(libc_a-reent.o)
[...]
Memory Configuration

Name             Origin             Length             Attributes
CCMRAM           0x10000000         0x00004000         xrw
RAM              0x20000000         0x00010000         xrw
FLASH            0x08000000         0x00080000         xr
*default*        0x00000000         0xffffffff

Linker script and memory map

LOAD C:/ST/STM32CubeIDE_1.15.1/STM32CubeIDE/plugins/com.st.stm32cube.ide.mcu.externaltools.gnu-tools-for-stm32.12.3.rel1.win32_1.0.100.202403111256/tools/bin/../lib/gcc/arm-none-eabi/12.3.1/thumb/v7e-m+fp/hard/crti.o
LOAD C:/ST/STM32CubeIDE_1.15.1/STM32CubeIDE/plugins/com.st.stm32cube.ide.mcu.externaltools.gnu-tools-for-stm32.12.3.rel1.win32_1.0.100.202403111256/tools/bin/../lib/gcc/arm-none-eabi/12.3.1/thumb/v7e-m+fp/hard/crtbegin.o
LOAD C:/ST/STM32CubeIDE_1.15.1/STM32CubeIDE/plugins/com.st.stm32cube.ide.mcu.externaltools.gnu-tools-for-stm32.12.3.rel1.win32_1.0.100.202403111256/tools/bin/../lib/gcc/arm-none-eabi/12.3.1/../../../../arm-none-eabi/lib/thumb/v7e-m+fp/hard/crt0.o
LOAD ./Core/Src/freertos.o
LOAD ./Core/Src/main.o
LOAD ./Core/Src/stm32f3xx_hal_msp.o
LOAD ./Core/Src/stm32f3xx_hal_timebase_tim.o
LOAD ./Core/Src/stm32f3xx_it.o
LOAD ./Core/Src/syscalls.o
LOAD ./Core/Src/sysmem.o
LOAD ./Core/Src/system_stm32f3xx.o
LOAD ./Core/Startup/startup_stm32f303zetx.o
LOAD ./Drivers/STM32F3xx_HAL_Driver/Src/stm32f3xx_hal.o
LOAD ./Drivers/STM32F3xx_HAL_Driver/Src/stm32f3xx_hal_adc.o
LOAD ./Drivers/STM32F3xx_HAL_Driver/Src/stm32f3xx_hal_adc_ex.o
LOAD ./Drivers/STM32F3xx_HAL_Driver/Src/stm32f3xx_hal_can.o
LOAD ./Drivers/STM32F3xx_HAL_Driver/Src/stm32f3xx_hal_cortex.o
LOAD ./Drivers/STM32F3xx_HAL_Driver/Src/stm32f3xx_hal_dma.o
LOAD ./Drivers/STM32F3xx_HAL_Driver/Src/stm32f3xx_hal_exti.o
LOAD ./Drivers/STM32F3xx_HAL_Driver/Src/stm32f3xx_hal_flash.o
LOAD ./Drivers/STM32F3xx_HAL_Driver/Src/stm32f3xx_hal_flash_ex.o
LOAD ./Drivers/STM32F3xx_HAL_Driver/Src/stm32f3xx_hal_gpio.o
LOAD ./Drivers/STM32F3xx_HAL_Driver/Src/stm32f3xx_hal_i2c.o
LOAD ./Drivers/STM32F3xx_HAL_Driver/Src/stm32f3xx_hal_i2c_ex.o
LOAD ./Drivers/STM32F3xx_HAL_Driver/Src/stm32f3xx_hal_pwr.o
LOAD ./Drivers/STM32F3xx_HAL_Driver/Src/stm32f3xx_hal_pwr_ex.o
LOAD ./Drivers/STM32F3xx_HAL_Driver/Src/stm32f3xx_hal_rcc.o
LOAD ./Drivers/STM32F3xx_HAL_Driver/Src/stm32f3xx_hal_rcc_ex.o
LOAD ./Drivers/STM32F3xx_HAL_Driver/Src/stm32f3xx_hal_tim.o
LOAD ./Drivers/STM32F3xx_HAL_Driver/Src/stm32f3xx_hal_tim_ex.o
LOAD ./Middlewares/Third_Party/FreeRTOS/Source/CMSIS_RTOS/cmsis_os.o
LOAD ./Middlewares/Third_Party/FreeRTOS/Source/croutine.o
LOAD ./Middlewares/Third_Party/FreeRTOS/Source/event_groups.o
LOAD ./Middlewares/Third_Party/FreeRTOS/Source/list.o
LOAD ./Middlewares/Third_Party/FreeRTOS/Source/queue.o
LOAD ./Middlewares/Third_Party/FreeRTOS/Source/stream_buffer.o
LOAD ./Middlewares/Third_Party/FreeRTOS/Source/tasks.o
LOAD ./Middlewares/Third_Party/FreeRTOS/Source/timers.o
LOAD ./Middlewares/Third_Party/FreeRTOS/Source/portable/GCC/ARM_CM4F/port.o
LOAD ./Middlewares/Third_Party/FreeRTOS/Source/portable/MemMang/heap_4.o
LOAD ./app_drivers/src/adc.o
LOAD ./app_drivers/src/can_driver.o
LOAD ./app_drivers/src/common.o
LOAD ./app_drivers/src/dbc.o
LOAD ./app_drivers/src/hashmap.o
LOAD ./app_drivers/src/message_support.o
LOAD ./app_drivers/src/middleware.o
LOAD ./app_drivers/src/number_operations.o
LOAD ./app_drivers/src/sensor.o
START GROUP
LOAD C:/ST/STM32CubeIDE_1.15.1/STM32CubeIDE/plugins/com.st.stm32cube.ide.mcu.externaltools.gnu-tools-for-stm32.12.3.rel1.win32_1.0.100.202403111256/tools/bin/../lib/gcc/arm-none-eabi/12.3.1/../../../../arm-none-eabi/lib/thumb/v7e-m+fp/hard\libc_nano.a
LOAD C:/ST/STM32CubeIDE_1.15.1/STM32CubeIDE/plugins/com.st.stm32cube.ide.mcu.externaltools.gnu-tools-for-stm32.12.3.rel1.win32_1.0.100.202403111256/tools/bin/../lib/gcc/arm-none-eabi/12.3.1/../../../../arm-none-eabi/lib/thumb/v7e-m+fp/hard\libm.a
END GROUP
START GROUP
LOAD C:/ST/STM32CubeIDE_1.15.1/STM32CubeIDE/plugins/com.st.stm32cube.ide.mcu.externaltools.gnu-tools-for-stm32.12.3.rel1.win32_1.0.100.202403111256/tools/bin/../lib/gcc/arm-none-eabi/12.3.1/thumb/v7e-m+fp/hard\libgcc.a
LOAD C:/ST/STM32CubeIDE_1.15.1/STM32CubeIDE/plugins/com.st.stm32cube.ide.mcu.externaltools.gnu-tools-for-stm32.12.3.rel1.win32_1.0.100.202403111256/tools/bin/../lib/gcc/arm-none-eabi/12.3.1/../../../../arm-none-eabi/lib/thumb/v7e-m+fp/hard\libc_nano.a
END GROUP
START GROUP
LOAD C:/ST/STM32CubeIDE_1.15.1/STM32CubeIDE/plugins/com.st.stm32cube.ide.mcu.externaltools.gnu-tools-for-stm32.12.3.rel1.win32_1.0.100.202403111256/tools/bin/../lib/gcc/arm-none-eabi/12.3.1/thumb/v7e-m+fp/hard\libgcc.a
LOAD C:/ST/STM32CubeIDE_1.15.1/STM32CubeIDE/plugins/com.st.stm32cube.ide.mcu.externaltools.gnu-tools-for-stm32.12.3.rel1.win32_1.0.100.202403111256/tools/bin/../lib/gcc/arm-none-eabi/12.3.1/../../../../arm-none-eabi/lib/thumb/v7e-m+fp/hard\libc_nano.a
LOAD C:/ST/STM32CubeIDE_1.15.1/STM32CubeIDE/plugins/com.st.stm32cube.ide.mcu.externaltools.gnu-tools-for-stm32.12.3.rel1.win32_1.0.100.202403111256/tools/bin/../lib/gcc/arm-none-eabi/12.3.1/../../../../arm-none-eabi/lib/thumb/v7e-m+fp/hard\libnosys.a
END GROUP
START GROUP
LOAD C:/ST/STM32CubeIDE_1.15.1/STM32CubeIDE/plugins/com.st.stm32cube.ide.mcu.externaltools.gnu-tools-for-stm32.12.3.rel1.win32_1.0.100.202403111256/tools/bin/../lib/gcc/arm-none-eabi/12.3.1/thumb/v7e-m+fp/hard\libgcc.a
LOAD C:/ST/STM32CubeIDE_1.15.1/STM32CubeIDE/plugins/com.st.stm32cube.ide.mcu.externaltools.gnu-tools-for-stm32.12.3.rel1.win32_1.0.100.202403111256/tools/bin/../lib/gcc/arm-none-eabi/12.3.1/../../../../arm-none-eabi/lib/thumb/v7e-m+fp/hard\libc_nano.a
LOAD C:/ST/STM32CubeIDE_1.15.1/STM32CubeIDE/plugins/com.st.stm32cube.ide.mcu.externaltools.gnu-tools-for-stm32.12.3.rel1.win32_1.0.100.202403111256/tools/bin/../lib/gcc/arm-none-eabi/12.3.1/../../../../arm-none-eabi/lib/thumb/v7e-m+fp/hard\libnosys.a
END GROUP
LOAD C:/ST/STM32CubeIDE_1.15.1/STM32CubeIDE/plugins/com.st.stm32cube.ide.mcu.externaltools.gnu-tools-for-stm32.12.3.rel1.win32_1.0.100.202403111256/tools/bin/../lib/gcc/arm-none-eabi/12.3.1/thumb/v7e-m+fp/hard/crtend.o
LOAD C:/ST/STM32CubeIDE_1.15.1/STM32CubeIDE/plugins/com.st.stm32cube.ide.mcu.externaltools.gnu-tools-for-stm32.12.3.rel1.win32_1.0.100.202403111256/tools/bin/../lib/gcc/arm-none-eabi/12.3.1/thumb/v7e-m+fp/hard/crtn.o
                0x20010000                        _estack = (ORIGIN (RAM) + LENGTH (RAM))
                0x00000200                        _Min_Heap_Size = 0x200
                0x00000400                        _Min_Stack_Size = 0x400

.isr_vector     0x08000000      0x194
                0x08000000                        . = ALIGN (0x4)
 *(.isr_vector)
 .isr_vector    0x08000000      0x194 ./Core/Startup/startup_stm32f303zetx.o
                0x08000000                g_pfnVectors
                0x08000194                        . = ALIGN (0x4)

.text           0x080001a0     0x9464
                0x080001a0                        . = ALIGN (0x4)
 *(.text)
 .text          0x080001a0       0x40 C:/ST/STM32CubeIDE_1.15.1/STM32CubeIDE/plugins/com.st.stm32cube.ide.mcu.externaltools.gnu-tools-for-stm32.12.3.rel1.win32_1.0.100.202403111256/tools/bin/../lib/gcc/arm-none-eabi/12.3.1/thumb/v7e-m+fp/hard/crtbegin.o
 .text          0x080001e0      0x378 C:/ST/STM32CubeIDE_1.15.1/STM32CubeIDE/plugins/com.st.stm32cube.ide.mcu.externaltools.gnu-tools-for-stm32.12.3.rel1.win32_1.0.100.202403111256/tools/bin/../lib/gcc/arm-none-eabi/12.3.1/thumb/v7e-m+fp/hard\libgcc.a(_arm_addsubdf3.o)
                0x080001e0                __aeabi_drsub
                0x080001e8                __aeabi_dsub
                0x080001e8                __subdf3
                0x080001ec                __aeabi_dadd
                0x080001ec                __adddf3
                0x08000464                __floatunsidf
                0x08000464                __aeabi_ui2d
                0x08000484                __floatsidf
                0x08000484                __aeabi_i2d
                0x080004a8                __aeabi_f2d
                0x080004a8                __extendsfdf2
                0x080004ec                __floatundidf
                0x080004ec                __aeabi_ul2d
                0x080004fc                __floatdidf
                0x080004fc                __aeabi_l2d
 .text          0x08000558      0x424 C:/ST/STM32CubeIDE_1.15.1/STM32CubeIDE/plugins/com.st.stm32cube.ide.mcu.externaltools.gnu-tools-for-stm32.12.3.rel1.win32_1.0.100.202403111256/tools/bin/../lib/gcc/arm-none-eabi/12.3.1/thumb/v7e-m+fp/hard\libgcc.a(_arm_muldivdf3.o)
                0x08000558                __aeabi_dmul
                0x08000558                __muldf3
                0x080007ac                __divdf3
                0x080007ac                __aeabi_ddiv
 .text          0x0800097c      0x110 C:/ST/STM32CubeIDE_1.15.1/STM32CubeIDE/plugins/com.st.stm32cube.ide.mcu.externaltools.gnu-tools-for-stm32.12.3.rel1.win32_1.0.100.202403111256/tools/bin/../lib/gcc/arm-none-eabi/12.3.1/thumb/v7e-m+fp/hard\libgcc.a(_arm_cmpdf2.o)
                0x0800097c                __gtdf2
                0x0800097c                __gedf2
                0x08000984                __ltdf2
                0x08000984                __ledf2
                0x0800098c                __nedf2
                0x0800098c                __eqdf2
                0x0800098c                __cmpdf2
                0x08000a08                __aeabi_cdrcmple
                0x08000a18                __aeabi_cdcmpeq
                0x08000a18                __aeabi_cdcmple
                0x08000a28                __aeabi_dcmpeq
                0x08000a3c                __aeabi_dcmplt
                0x08000a50                __aeabi_dcmple
                0x08000a64                __aeabi_dcmpge
                0x08000a78                __aeabi_dcmpgt
 .text          0x08000a8c       0x2c C:/ST/STM32CubeIDE_1.15.1/STM32CubeIDE/plugins/com.st.stm32cube.ide.mcu.externaltools.gnu-tools-for-stm32.12.3.rel1.win32_1.0.100.202403111256/tools/bin/../lib/gcc/arm-none-eabi/12.3.1/thumb/v7e-m+fp/hard\libgcc.a(_arm_unorddf2.o)
                0x08000a8c                __unorddf2
                0x08000a8c                __aeabi_dcmpun
 .text          0x08000ab8       0xa0 C:/ST/STM32CubeIDE_1.15.1/STM32CubeIDE/plugins/com.st.stm32cube.ide.mcu.externaltools.gnu-tools-for-stm32.12.3.rel1.win32_1.0.100.202403111256/tools/bin/../lib/gcc/arm-none-eabi/12.3.1/thumb/v7e-m+fp/hard\libgcc.a(_arm_truncdfsf2.o)
                0x08000ab8                __truncdfsf2
                0x08000ab8                __aeabi_d2f
 *(.text*)
 .text.vApplicationGetIdleTaskMemory
                0x08000b58       0x34 ./Core/Src/freertos.o
                0x08000b58                vApplicationGetIdleTaskMemory
 .text.main     0x08000b8c       0xf0 ./Core/Src/main.o
                0x08000b8c                main
 .text.SystemClock_Config
                0x08000c7c       0xbe ./Core/Src/main.o
                0x08000c7c                SystemClock_Config
 *fill*         0x08000d3a        0x2 
 .text.MX_ADC1_Init
                0x08000d3c       0xe0 ./Core/Src/main.o
 .text.MX_CAN_Init
                0x08000e1c       0x6c ./Core/Src/main.o
 .text.MX_GPIO_Init
                0x08000e88      0x3ec ./Core/Src/main.o
 .text.StartDefaultTask
                0x08001274       0x48 ./Core/Src/main.o
                0x08001274                StartDefaultTask
 .text.StartTask02
                0x080012bc       0x44 ./Core/Src/main.o
                0x080012bc                StartTask02
 .text.StartTask03
                0x08001300       0x40 ./Core/Src/main.o
                0x08001300                StartTask03
 .text.StartTask04
                0x08001340       0xa0 ./Core/Src/main.o
                0x08001340                StartTask04
 .text.HAL_TIM_PeriodElapsedCallback
                0x080013e0       0x24 ./Core/Src/main.o
                0x080013e0                HAL_TIM_PeriodElapsedCallback
 .text.Error_Handler
                0x08001404        0xc ./Core/Src/main.o
                0x08001404                Error_Handler
 .text.HAL_MspInit
                0x08001410       0x50 ./Core/Src/stm32f3xx_hal_msp.o
                0x08001410                HAL_MspInit
 .text.HAL_ADC_MspInit
                0x08001460       0xe0 ./Core/Src/stm32f3xx_hal_msp.o
                0x08001460                HAL_ADC_MspInit
 .text.HAL_CAN_MspInit
                0x08001540       0x88 ./Core/Src/stm32f3xx_hal_msp.o
                0x08001540                HAL_CAN_MspInit
 .text.HAL_InitTick
                0x080015c8       0xe0 ./Core/Src/stm32f3xx_hal_timebase_tim.o
                0x080015c8                HAL_InitTick
 .text.NMI_Handler
                0x080016a8        0x8 ./Core/Src/stm32f3xx_it.o
                0x080016a8                NMI_Handler
 .text.HardFault_Handler
                0x080016b0        0x8 ./Core/Src/stm32f3xx_it.o
                0x080016b0                HardFault_Handler
 .text.MemManage_Handler
                0x080016b8        0x8 ./Core/Src/stm32f3xx_it.o
                0x080016b8                MemManage_Handler
 .text.BusFault_Handler
                0x080016c0        0x8 ./Core/Src/stm32f3xx_it.o
                0x080016c0                BusFault_Handler
 .text.UsageFault_Handler
                0x080016c8        0x8 ./Core/Src/stm32f3xx_it.o
                0x080016c8                UsageFault_Handler
 .text.DebugMon_Handler
                0x080016d0        0xe ./Core/Src/stm32f3xx_it.o
                0x080016d0                DebugMon_Handler
 *fill*         0x080016de        0x2 
 .text.TIM1_UP_TIM16_IRQHandler
                0x080016e0       0x14 ./Core/Src/stm32f3xx_it.o
                0x080016e0                TIM1_UP_TIM16_IRQHandler
 .text.EXTI15_10_IRQHandler
                0x080016f4       0x10 ./Core/Src/stm32f3xx_it.o
                0x080016f4                EXTI15_10_IRQHandler
 .text.SystemInit
                0x08001704       0x24 ./Core/Src/system_stm32f3xx.o
                0x08001704                SystemInit
 .text.Reset_Handler
                0x08001728       0x50 ./Core/Startup/startup_stm32f303zetx.o
                0x08001728                Reset_Handler
 .text.Default_Handler
                0x08001778        0x2 ./Core/Startup/startup_stm32f303zetx.o
                0x08001778                RTC_Alarm_IRQHandler
                0x08001778                TIM8_TRG_COM_IRQHandler
                0x08001778                TIM8_CC_IRQHandler
                0x08001778                SPI4_IRQHandler
                0x08001778                TIM1_CC_IRQHandler
                0x08001778                USB_HP_IRQHandler
                0x08001778                PVD_IRQHandler
                0x08001778                TAMP_STAMP_IRQHandler
                0x08001778                EXTI3_IRQHandler
                0x08001778                I2C3_ER_IRQHandler
                0x08001778                USB_HP_CAN_TX_IRQHandler
                0x08001778                EXTI0_IRQHandler
                0x08001778                I2C2_EV_IRQHandler
                0x08001778                FPU_IRQHandler
                0x08001778                ADC1_2_IRQHandler
                0x08001778                SPI1_IRQHandler
                0x08001778                CAN_SCE_IRQHandler
                0x08001778                TIM6_DAC_IRQHandler
                0x08001778                TIM8_UP_IRQHandler
                0x08001778                DMA2_Channel2_IRQHandler
                0x08001778                DMA1_Channel4_IRQHandler
                0x08001778                TIM20_TRG_COM_IRQHandler
                0x08001778                USART3_IRQHandler
                0x08001778                DMA1_Channel7_IRQHandler
                0x08001778                UART5_IRQHandler
                0x08001778                ADC3_IRQHandler
                0x08001778                TIM4_IRQHandler
                0x08001778                CAN_RX1_IRQHandler
                0x08001778                DMA2_Channel1_IRQHandler
                0x08001778                I2C1_EV_IRQHandler
                0x08001778                DMA1_Channel6_IRQHandler
                0x08001778                UART4_IRQHandler
                0x08001778                DMA2_Channel4_IRQHandler
                0x08001778                TIM3_IRQHandler
                0x08001778                RCC_IRQHandler
                0x08001778                TIM20_UP_IRQHandler
                0x08001778                DMA1_Channel1_IRQHandler
                0x08001778                Default_Handler
                0x08001778                USBWakeUp_RMP_IRQHandler
                0x08001778                TIM7_IRQHandler
                0x08001778                I2C3_EV_IRQHandler
                0x08001778                EXTI9_5_IRQHandler
                0x08001778                RTC_WKUP_IRQHandler
                0x08001778                SPI2_IRQHandler
                0x08001778                USB_LP_CAN_RX0_IRQHandler
                0x08001778                DMA2_Channel5_IRQHandler
                0x08001778                DMA1_Channel5_IRQHandler
                0x08001778                USB_LP_IRQHandler
                0x08001778                EXTI4_IRQHandler
                0x08001778                TIM1_TRG_COM_TIM17_IRQHandler
                0x08001778                DMA1_Channel3_IRQHandler
                0x08001778                ADC4_IRQHandler
                0x08001778                WWDG_IRQHandler
                0x08001778                TIM2_IRQHandler
                0x08001778                COMP7_IRQHandler
                0x08001778                COMP1_2_3_IRQHandler
                0x08001778                EXTI1_IRQHandler
                0x08001778                USART2_IRQHandler
                0x08001778                COMP4_5_6_IRQHandler
                0x08001778                TIM20_BRK_IRQHandler
                0x08001778                I2C2_ER_IRQHandler
                0x08001778                DMA1_Channel2_IRQHandler
                0x08001778                TIM8_BRK_IRQHandler
                0x08001778                FLASH_IRQHandler
                0x08001778                TIM20_CC_IRQHandler
                0x08001778                USART1_IRQHandler
                0x08001778                SPI3_IRQHandler
                0x08001778                I2C1_ER_IRQHandler
                0x08001778                FMC_IRQHandler
                0x08001778                USBWakeUp_IRQHandler
                0x08001778                DMA2_Channel3_IRQHandler
                0x08001778                EXTI2_TSC_IRQHandler
                0x08001778                TIM1_BRK_TIM15_IRQHandler
 *fill*         0x0800177a        0x2 
 .text.HAL_Init
                0x0800177c       0x2c ./Drivers/STM32F3xx_HAL_Driver/Src/stm32f3xx_hal.o
                0x0800177c                HAL_Init
 .text.HAL_IncTick
                0x080017a8       0x28 ./Drivers/STM32F3xx_HAL_Driver/Src/stm32f3xx_hal.o
                0x080017a8                HAL_IncTick
 .text.HAL_GetTick
                0x080017d0       0x18 ./Drivers/STM32F3xx_HAL_Driver/Src/stm32f3xx_hal.o
                0x080017d0                HAL_GetTick
 .text.HAL_ADC_Init
                0x080017e8      0x3f4 ./Drivers/STM32F3xx_HAL_Driver/Src/stm32f3xx_hal_adc_ex.o
                0x080017e8                HAL_ADC_Init
 .text.HAL_ADC_Start
                0x08001bdc      0x22c ./Drivers/STM32F3xx_HAL_Driver/Src/stm32f3xx_hal_adc_ex.o
                0x08001bdc                HAL_ADC_Start
 .text.HAL_ADC_Stop
                0x08001e08       0x6a ./Drivers/STM32F3xx_HAL_Driver/Src/stm32f3xx_hal_adc_ex.o
                0x08001e08                HAL_ADC_Stop
 *fill*         0x08001e72        0x2 
 .text.HAL_ADC_PollForConversion
                0x08001e74      0x204 ./Drivers/STM32F3xx_HAL_Driver/Src/stm32f3xx_hal_adc_ex.o
                0x08001e74                HAL_ADC_PollForConversion
 .text.HAL_ADC_GetValue
                0x08002078       0x1a ./Drivers/STM32F3xx_HAL_Driver/Src/stm32f3xx_hal_adc_ex.o
                0x08002078                HAL_ADC_GetValue
 *fill*         0x08002092        0x2 
 .text.HAL_ADC_ConfigChannel
                0x08002094      0x5d4 ./Drivers/STM32F3xx_HAL_Driver/Src/stm32f3xx_hal_adc_ex.o
                0x08002094                HAL_ADC_ConfigChannel
 .text.HAL_ADCEx_MultiModeConfigChannel
                0x08002668      0x1e4 ./Drivers/STM32F3xx_HAL_Driver/Src/stm32f3xx_hal_adc_ex.o
                0x08002668                HAL_ADCEx_MultiModeConfigChannel
 .text.ADC_Enable
                0x0800284c       0xc8 ./Drivers/STM32F3xx_HAL_Driver/Src/stm32f3xx_hal_adc_ex.o
 .text.ADC_Disable
                0x08002914       0xcc ./Drivers/STM32F3xx_HAL_Driver/Src/stm32f3xx_hal_adc_ex.o
 .text.ADC_ConversionStop
                0x080029e0      0x16c ./Drivers/STM32F3xx_HAL_Driver/Src/stm32f3xx_hal_adc_ex.o
 .text.HAL_CAN_Init
                0x08002b4c      0x1f6 ./Drivers/STM32F3xx_HAL_Driver/Src/stm32f3xx_hal_can.o
                0x08002b4c                HAL_CAN_Init
 .text.HAL_CAN_ConfigFilter
                0x08002d42      0x194 ./Drivers/STM32F3xx_HAL_Driver/Src/stm32f3xx_hal_can.o
                0x08002d42                HAL_CAN_ConfigFilter
 .text.HAL_CAN_Start
                0x08002ed6       0x88 ./Drivers/STM32F3xx_HAL_Driver/Src/stm32f3xx_hal_can.o
                0x08002ed6                HAL_CAN_Start
 .text.HAL_CAN_AddTxMessage
                0x08002f5e      0x1a0 ./Drivers/STM32F3xx_HAL_Driver/Src/stm32f3xx_hal_can.o
                0x08002f5e                HAL_CAN_AddTxMessage
 .text.HAL_CAN_GetRxMessage
                0x080030fe      0x244 ./Drivers/STM32F3xx_HAL_Driver/Src/stm32f3xx_hal_can.o
                0x080030fe                HAL_CAN_GetRxMessage
 .text.HAL_CAN_GetRxFifoFillLevel
                0x08003342       0x50 ./Drivers/STM32F3xx_HAL_Driver/Src/stm32f3xx_hal_can.o
                0x08003342                HAL_CAN_GetRxFifoFillLevel
 *fill*         0x08003392        0x2 
 .text.__NVIC_SetPriorityGrouping
                0x08003394       0x48 ./Drivers/STM32F3xx_HAL_Driver/Src/stm32f3xx_hal_cortex.o
 .text.__NVIC_GetPriorityGrouping
                0x080033dc       0x1c ./Drivers/STM32F3xx_HAL_Driver/Src/stm32f3xx_hal_cortex.o
 .text.__NVIC_EnableIRQ
                0x080033f8       0x3c ./Drivers/STM32F3xx_HAL_Driver/Src/stm32f3xx_hal_cortex.o
 .text.__NVIC_SetPriority
                0x08003434       0x54 ./Drivers/STM32F3xx_HAL_Driver/Src/stm32f3xx_hal_cortex.o
 .text.NVIC_EncodePriority
                0x08003488       0x66 ./Drivers/STM32F3xx_HAL_Driver/Src/stm32f3xx_hal_cortex.o
 .text.HAL_NVIC_SetPriorityGrouping
                0x080034ee       0x16 ./Drivers/STM32F3xx_HAL_Driver/Src/stm32f3xx_hal_cortex.o
                0x080034ee                HAL_NVIC_SetPriorityGrouping
 .text.HAL_NVIC_SetPriority
                0x08003504       0x38 ./Drivers/STM32F3xx_HAL_Driver/Src/stm32f3xx_hal_cortex.o
                0x08003504                HAL_NVIC_SetPriority
 .text.HAL_NVIC_EnableIRQ
                0x0800353c       0x1c ./Drivers/STM32F3xx_HAL_Driver/Src/stm32f3xx_hal_cortex.o
                0x0800353c                HAL_NVIC_EnableIRQ
 .text.HAL_GPIO_Init
                0x08003558      0x314 ./Drivers/STM32F3xx_HAL_Driver/Src/stm32f3xx_hal_gpio.o
                0x08003558                HAL_GPIO_Init
 .text.HAL_GPIO_ReadPin
                0x0800386c       0x30 ./Drivers/STM32F3xx_HAL_Driver/Src/stm32f3xx_hal_gpio.o
                0x0800386c                HAL_GPIO_ReadPin
 .text.HAL_GPIO_WritePin
                0x0800389c       0x30 ./Drivers/STM32F3xx_HAL_Driver/Src/stm32f3xx_hal_gpio.o
                0x0800389c                HAL_GPIO_WritePin
 .text.HAL_GPIO_TogglePin
                0x080038cc       0x34 ./Drivers/STM32F3xx_HAL_Driver/Src/stm32f3xx_hal_gpio.o
                0x080038cc                HAL_GPIO_TogglePin
 .text.HAL_GPIO_EXTI_IRQHandler
                0x08003900       0x30 ./Drivers/STM32F3xx_HAL_Driver/Src/stm32f3xx_hal_gpio.o
                0x08003900                HAL_GPIO_EXTI_IRQHandler
 .text.HAL_GPIO_EXTI_Callback
                0x08003930       0x16 ./Drivers/STM32F3xx_HAL_Driver/Src/stm32f3xx_hal_gpio.o
                0x08003930                HAL_GPIO_EXTI_Callback
 *fill*         0x08003946        0x2 
 .text.HAL_RCC_OscConfig
                0x08003948     0x10a8 ./Drivers/STM32F3xx_HAL_Driver/Src/stm32f3xx_hal_rcc.o
                0x08003948                HAL_RCC_OscConfig
 .text.HAL_RCC_ClockConfig
                0x080049f0      0x2f8 ./Drivers/STM32F3xx_HAL_Driver/Src/stm32f3xx_hal_rcc.o
                0x080049f0                HAL_RCC_ClockConfig
 .text.HAL_RCC_GetSysClockFreq
                0x08004ce8       0xa8 ./Drivers/STM32F3xx_HAL_Driver/Src/stm32f3xx_hal_rcc.o
                0x08004ce8                HAL_RCC_GetSysClockFreq
 .text.HAL_RCC_GetHCLKFreq
                0x08004d90       0x18 ./Drivers/STM32F3xx_HAL_Driver/Src/stm32f3xx_hal_rcc.o
                0x08004d90                HAL_RCC_GetHCLKFreq
 .text.HAL_RCC_GetPCLK2Freq
                0x08004da8       0x44 ./Drivers/STM32F3xx_HAL_Driver/Src/stm32f3xx_hal_rcc.o
                0x08004da8                HAL_RCC_GetPCLK2Freq
 .text.HAL_RCC_GetClockConfig
                0x08004dec       0x64 ./Drivers/STM32F3xx_HAL_Driver/Src/stm32f3xx_hal_rcc.o
                0x08004dec                HAL_RCC_GetClockConfig
 .text.HAL_RCCEx_PeriphCLKConfig
                0x08004e50      0x43c ./Drivers/STM32F3xx_HAL_Driver/Src/stm32f3xx_hal_rcc_ex.o
                0x08004e50                HAL_RCCEx_PeriphCLKConfig
 .text.HAL_TIM_Base_Init
                0x0800528c       0xae ./Drivers/STM32F3xx_HAL_Driver/Src/stm32f3xx_hal_tim.o
                0x0800528c                HAL_TIM_Base_Init
 .text.HAL_TIM_Base_MspInit
                0x0800533a       0x14 ./Drivers/STM32F3xx_HAL_Driver/Src/stm32f3xx_hal_tim.o
                0x0800533a                HAL_TIM_Base_MspInit
 *fill*         0x0800534e        0x2 
 .text.HAL_TIM_Base_Start_IT
                0x08005350       0xe0 ./Drivers/STM32F3xx_HAL_Driver/Src/stm32f3xx_hal_tim.o
                0x08005350                HAL_TIM_Base_Start_IT
 .text.HAL_TIM_IRQHandler
                0x08005430      0x204 ./Drivers/STM32F3xx_HAL_Driver/Src/stm32f3xx_hal_tim.o
                0x08005430                HAL_TIM_IRQHandler
 .text.HAL_TIM_OC_DelayElapsedCallback
                0x08005634       0x14 ./Drivers/STM32F3xx_HAL_Driver/Src/stm32f3xx_hal_tim.o
                0x08005634                HAL_TIM_OC_DelayElapsedCallback
 .text.HAL_TIM_IC_CaptureCallback
                0x08005648       0x14 ./Drivers/STM32F3xx_HAL_Driver/Src/stm32f3xx_hal_tim.o
                0x08005648                HAL_TIM_IC_CaptureCallback
 .text.HAL_TIM_PWM_PulseFinishedCallback
                0x0800565c       0x14 ./Drivers/STM32F3xx_HAL_Driver/Src/stm32f3xx_hal_tim.o
                0x0800565c                HAL_TIM_PWM_PulseFinishedCallback
 .text.HAL_TIM_TriggerCallback
                0x08005670       0x14 ./Drivers/STM32F3xx_HAL_Driver/Src/stm32f3xx_hal_tim.o
                0x08005670                HAL_TIM_TriggerCallback
 .text.TIM_Base_SetConfig
                0x08005684      0x154 ./Drivers/STM32F3xx_HAL_Driver/Src/stm32f3xx_hal_tim.o
                0x08005684                TIM_Base_SetConfig
 .text.HAL_TIMEx_CommutCallback
                0x080057d8       0x14 ./Drivers/STM32F3xx_HAL_Driver/Src/stm32f3xx_hal_tim_ex.o
                0x080057d8                HAL_TIMEx_CommutCallback
 .text.HAL_TIMEx_BreakCallback
                0x080057ec       0x14 ./Drivers/STM32F3xx_HAL_Driver/Src/stm32f3xx_hal_tim_ex.o
                0x080057ec                HAL_TIMEx_BreakCallback
 .text.HAL_TIMEx_Break2Callback
                0x08005800       0x14 ./Drivers/STM32F3xx_HAL_Driver/Src/stm32f3xx_hal_tim_ex.o
                0x08005800                HAL_TIMEx_Break2Callback
 .text.makeFreeRtosPriority
                0x08005814       0x30 ./Middlewares/Third_Party/FreeRTOS/Source/CMSIS_RTOS/cmsis_os.o
 .text.osKernelStart
                0x08005844        0xe ./Middlewares/Third_Party/FreeRTOS/Source/CMSIS_RTOS/cmsis_os.o
                0x08005844                osKernelStart
 .text.osThreadCreate
                0x08005852       0x98 ./Middlewares/Third_Party/FreeRTOS/Source/CMSIS_RTOS/cmsis_os.o
                0x08005852                osThreadCreate
 .text.osDelay  0x080058ea       0x28 ./Middlewares/Third_Party/FreeRTOS/Source/CMSIS_RTOS/cmsis_os.o
                0x080058ea                osDelay
 .text.vListInitialise
                0x08005912       0x40 ./Middlewares/Third_Party/FreeRTOS/Source/list.o
                0x08005912                vListInitialise
 .text.vListInitialiseItem
                0x08005952       0x1a ./Middlewares/Third_Party/FreeRTOS/Source/list.o
                0x08005952                vListInitialiseItem
 .text.vListInsertEnd
                0x0800596c       0x48 ./Middlewares/Third_Party/FreeRTOS/Source/list.o
                0x0800596c                vListInsertEnd
 .text.vListInsert
                0x080059b4       0x72 ./Middlewares/Third_Party/FreeRTOS/Source/list.o
                0x080059b4                vListInsert
 .text.uxListRemove
                0x08005a26       0x54 ./Middlewares/Third_Party/FreeRTOS/Source/list.o
                0x08005a26                uxListRemove
 .text.xTaskCreateStatic
                0x08005a7a       0xbe ./Middlewares/Third_Party/FreeRTOS/Source/tasks.o
                0x08005a7a                xTaskCreateStatic
 .text.xTaskCreate
                0x08005b38       0x8a ./Middlewares/Third_Party/FreeRTOS/Source/tasks.o
                0x08005b38                xTaskCreate
 *fill*         0x08005bc2        0x2 
 .text.prvInitialiseNewTask
                0x08005bc4      0x130 ./Middlewares/Third_Party/FreeRTOS/Source/tasks.o
 .text.prvAddNewTaskToReadyList
                0x08005cf4       0xd4 ./Middlewares/Third_Party/FreeRTOS/Source/tasks.o
 .text.vTaskDelay
                0x08005dc8       0x6c ./Middlewares/Third_Party/FreeRTOS/Source/tasks.o
                0x08005dc8                vTaskDelay
 .text.vTaskStartScheduler
                0x08005e34       0xd4 ./Middlewares/Third_Party/FreeRTOS/Source/tasks.o
                0x08005e34                vTaskStartScheduler
 .text.vTaskSuspendAll
                0x08005f08       0x1c ./Middlewares/Third_Party/FreeRTOS/Source/tasks.o
                0x08005f08                vTaskSuspendAll
 .text.xTaskResumeAll
                0x08005f24      0x13c ./Middlewares/Third_Party/FreeRTOS/Source/tasks.o
                0x08005f24                xTaskResumeAll
 .text.xTaskIncrementTick
                0x08006060      0x17c ./Middlewares/Third_Party/FreeRTOS/Source/tasks.o
                0x08006060                xTaskIncrementTick
 .text.vTaskSwitchContext
                0x080061dc       0xc8 ./Middlewares/Third_Party/FreeRTOS/Source/tasks.o
                0x080061dc                vTaskSwitchContext
 .text.prvIdleTask
                0x080062a4       0x30 ./Middlewares/Third_Party/FreeRTOS/Source/tasks.o
 .text.prvInitialiseTaskLists
                0x080062d4       0x80 ./Middlewares/Third_Party/FreeRTOS/Source/tasks.o
 .text.prvCheckTasksWaitingTermination
                0x08006354       0x5c ./Middlewares/Third_Party/FreeRTOS/Source/tasks.o
 .text.prvDeleteTCB
                0x080063b0       0x6a ./Middlewares/Third_Party/FreeRTOS/Source/tasks.o
 *fill*         0x0800641a        0x2 
 .text.prvResetNextTaskUnblockTime
                0x0800641c       0x4c ./Middlewares/Third_Party/FreeRTOS/Source/tasks.o
 .text.prvAddCurrentTaskToDelayedList
                0x08006468       0xcc ./Middlewares/Third_Party/FreeRTOS/Source/tasks.o
 .text.pxPortInitialiseStack
                0x08006534       0x68 ./Middlewares/Third_Party/FreeRTOS/Source/portable/GCC/ARM_CM4F/port.o
                0x08006534                pxPortInitialiseStack
 .text.prvTaskExitError
                0x0800659c       0x5c ./Middlewares/Third_Party/FreeRTOS/Source/portable/GCC/ARM_CM4F/port.o
 *fill*         0x080065f8        0x8 
 .text.SVC_Handler
                0x08006600       0x28 ./Middlewares/Third_Party/FreeRTOS/Source/portable/GCC/ARM_CM4F/port.o
                0x08006600                SVC_Handler
 .text.prvPortStartFirstTask
                0x08006628       0x28 ./Middlewares/Third_Party/FreeRTOS/Source/portable/GCC/ARM_CM4F/port.o
 .text.xPortStartScheduler
                0x08006650      0x148 ./Middlewares/Third_Party/FreeRTOS/Source/portable/GCC/ARM_CM4F/port.o
                0x08006650                xPortStartScheduler
 .text.vPortEnterCritical
                0x08006798       0x64 ./Middlewares/Third_Party/FreeRTOS/Source/portable/GCC/ARM_CM4F/port.o
                0x08006798                vPortEnterCritical
 .text.vPortExitCritical
                0x080067fc       0x54 ./Middlewares/Third_Party/FreeRTOS/Source/portable/GCC/ARM_CM4F/port.o
                0x080067fc                vPortExitCritical
 .text.PendSV_Handler
                0x08006850       0x68 ./Middlewares/Third_Party/FreeRTOS/Source/portable/GCC/ARM_CM4F/port.o
                0x08006850                PendSV_Handler
 .text.SysTick_Handler
                0x080068b8       0x44 ./Middlewares/Third_Party/FreeRTOS/Source/portable/GCC/ARM_CM4F/port.o
                0x080068b8                SysTick_Handler
 .text.vPortSetupTimerInterrupt
                0x080068fc       0x48 ./Middlewares/Third_Party/FreeRTOS/Source/portable/GCC/ARM_CM4F/port.o
                0x080068fc                vPortSetupTimerInterrupt
 .text.vPortEnableVFP
                0x08006944       0x14 ./Middlewares/Third_Party/FreeRTOS/Source/portable/GCC/ARM_CM4F/port.o
 .text.pvPortMalloc
                0x08006958      0x190 ./Middlewares/Third_Party/FreeRTOS/Source/portable/MemMang/heap_4.o
                0x08006958                pvPortMalloc
 .text.vPortFree
                0x08006ae8       0xb8 ./Middlewares/Third_Party/FreeRTOS/Source/portable/MemMang/heap_4.o
                0x08006ae8                vPortFree
 .text.prvHeapInit
                0x08006ba0       0xc4 ./Middlewares/Third_Party/FreeRTOS/Source/portable/MemMang/heap_4.o
 .text.prvInsertBlockIntoFreeList
                0x08006c64       0xb4 ./Middlewares/Third_Party/FreeRTOS/Source/portable/MemMang/heap_4.o
 .text.adc_init
                0x08006d18       0x14 ./app_drivers/src/adc.o
                0x08006d18                adc_init
 .text.adc_conversion_1
                0x08006d2c      0x114 ./app_drivers/src/adc.o
                0x08006d2c                adc_conversion_1
 .text.can_main_init
                0x08006e40       0x30 ./app_drivers/src/can_driver.o
                0x08006e40                can_main_init
 .text.can_1_init
                0x08006e70       0x50 ./app_drivers/src/can_driver.o
                0x08006e70                can_1_init
 .text.can_send_data
                0x08006ec0      0x100 ./app_drivers/src/can_driver.o
                0x08006ec0                can_send_data
 .text.can_receive_processing
                0x08006fc0       0xc4 ./app_drivers/src/can_driver.o
                0x08006fc0                can_receive_processing
 .text.can_receive_data_can_1
                0x08007084       0xbc ./app_drivers/src/can_driver.o
                0x08007084                can_receive_data_can_1
 .text.clear_data
                0x08007140       0x4e ./app_drivers/src/common.o
                0x08007140                clear_data
 *fill*         0x0800718e        0x2 
 .text.dbc_init
                0x08007190       0x3c ./app_drivers/src/dbc.o
                0x08007190                dbc_init
 .text.hashmap_data_allocate
                0x080071cc       0x54 ./app_drivers/src/hashmap.o
                0x080071cc                hashmap_data_allocate
 .text.hashmap_builder
                0x08007220       0xd2 ./app_drivers/src/hashmap.o
                0x08007220                hashmap_builder
 *fill*         0x080072f2        0x2 
 .text.hashmap_init
                0x080072f4       0x34 ./app_drivers/src/hashmap.o
                0x080072f4                hashmap_init
 .text.hashmap_query
                0x08007328       0x60 ./app_drivers/src/hashmap.o
                0x08007328                hashmap_query
 .text.message_unpacker
                0x08007388      0x3cc ./app_drivers/src/message_support.o
                0x08007388                message_unpacker
 .text.message_packer
                0x08007754      0x406 ./app_drivers/src/message_support.o
                0x08007754                message_packer
 *fill*         0x08007b5a        0x2 
 .text.gpio_init
                0x08007b5c      0x238 ./app_drivers/src/middleware.o
                0x08007b5c                gpio_init
 .text.middleware_variables_input
                0x08007d94      0x464 ./app_drivers/src/middleware.o
                0x08007d94                middleware_variables_input
 .text.middleware_variables_output
                0x080081f8      0x5a0 ./app_drivers/src/middleware.o
                0x080081f8                middleware_variables_output
 .text.can_control
                0x08008798       0x54 ./app_drivers/src/middleware.o
                0x08008798                can_control
 .text.flowrate_time
                0x080087ec       0x88 ./app_drivers/src/middleware.o
                0x080087ec                flowrate_time
 .text.power_calculate
                0x08008874       0x6e ./app_drivers/src/number_operations.o
                0x08008874                power_calculate
 *fill*         0x080088e2        0x2 
 .text.battery_voltage
                0x080088e4       0xa8 ./app_drivers/src/sensor.o
                0x080088e4                battery_voltage
 .text.mapADCValueToVoltage
                0x0800898c       0xfc ./app_drivers/src/sensor.o
                0x0800898c                mapADCValueToVoltage
 .text.temp_Sensor_1
                0x08008a88      0x1d8 ./app_drivers/src/sensor.o
                0x08008a88                temp_Sensor_1
 .text.temp_Sensor_2
                0x08008c60      0x1d8 ./app_drivers/src/sensor.o
                0x08008c60                temp_Sensor_2
 .text.temp_Sensor_3
                0x08008e38      0x1d8 ./app_drivers/src/sensor.o
                0x08008e38                temp_Sensor_3
 .text.adc_control
                0x08009010       0x1c ./app_drivers/src/sensor.o
                0x08009010                adc_control
 .text.__malloc_lock
                0x0800902c        0xc C:/ST/STM32CubeIDE_1.15.1/STM32CubeIDE/plugins/com.st.stm32cube.ide.mcu.externaltools.gnu-tools-for-stm32.12.3.rel1.win32_1.0.100.202403111256/tools/bin/../lib/gcc/arm-none-eabi/12.3.1/../../../../arm-none-eabi/lib/thumb/v7e-m+fp/hard\libc_nano.a(libc_a-mlock.o)
                0x0800902c                __malloc_lock
 .text.__malloc_unlock
                0x08009038        0xc C:/ST/STM32CubeIDE_1.15.1/STM32CubeIDE/plugins/com.st.stm32cube.ide.mcu.externaltools.gnu-tools-for-stm32.12.3.rel1.win32_1.0.100.202403111256/tools/bin/../lib/gcc/arm-none-eabi/12.3.1/../../../../arm-none-eabi/lib/thumb/v7e-m+fp/hard\libc_nano.a(libc_a-mlock.o)
                0x08009038                __malloc_unlock
 .text.memset   0x08009044       0x10 C:/ST/STM32CubeIDE_1.15.1/STM32CubeIDE/plugins/com.st.stm32cube.ide.mcu.externaltools.gnu-tools-for-stm32.12.3.rel1.win32_1.0.100.202403111256/tools/bin/../lib/gcc/arm-none-eabi/12.3.1/../../../../arm-none-eabi/lib/thumb/v7e-m+fp/hard\libc_nano.a(libc_a-memset.o)
                0x08009044                memset
 .text._reclaim_reent
                0x08009054       0xac C:/ST/STM32CubeIDE_1.15.1/STM32CubeIDE/plugins/com.st.stm32cube.ide.mcu.externaltools.gnu-tools-for-stm32.12.3.rel1.win32_1.0.100.202403111256/tools/bin/../lib/gcc/arm-none-eabi/12.3.1/../../../../arm-none-eabi/lib/thumb/v7e-m+fp/hard\libc_nano.a(libc_a-reent.o)
                0x08009054                _reclaim_reent
 .text.__errno  0x08009100        0xc C:/ST/STM32CubeIDE_1.15.1/STM32CubeIDE/plugins/com.st.stm32cube.ide.mcu.externaltools.gnu-tools-for-stm32.12.3.rel1.win32_1.0.100.202403111256/tools/bin/../lib/gcc/arm-none-eabi/12.3.1/../../../../arm-none-eabi/lib/thumb/v7e-m+fp/hard\libc_nano.a(libc_a-errno.o)
                0x08009100                __errno
 .text.__libc_init_array
                0x0800910c       0x48 C:/ST/STM32CubeIDE_1.15.1/STM32CubeIDE/plugins/com.st.stm32cube.ide.mcu.externaltools.gnu-tools-for-stm32.12.3.rel1.win32_1.0.100.202403111256/tools/bin/../lib/gcc/arm-none-eabi/12.3.1/../../../../arm-none-eabi/lib/thumb/v7e-m+fp/hard\libc_nano.a(libc_a-init.o)
                0x0800910c                __libc_init_array
 .text.__retarget_lock_acquire_recursive
                0x08009154        0x2 C:/ST/STM32CubeIDE_1.15.1/STM32CubeIDE/plugins/com.st.stm32cube.ide.mcu.externaltools.gnu-tools-for-stm32.12.3.rel1.win32_1.0.100.202403111256/tools/bin/../lib/gcc/arm-none-eabi/12.3.1/../../../../arm-none-eabi/lib/thumb/v7e-m+fp/hard\libc_nano.a(libc_a-lock.o)
                0x08009154                __retarget_lock_acquire_recursive
 .text.__retarget_lock_release_recursive
                0x08009156        0x2 C:/ST/STM32CubeIDE_1.15.1/STM32CubeIDE/plugins/com.st.stm32cube.ide.mcu.externaltools.gnu-tools-for-stm32.12.3.rel1.win32_1.0.100.202403111256/tools/bin/../lib/gcc/arm-none-eabi/12.3.1/../../../../arm-none-eabi/lib/thumb/v7e-m+fp/hard\libc_nano.a(libc_a-lock.o)
                0x08009156                __retarget_lock_release_recursive
 .text._free_r  0x08009158       0x94 C:/ST/STM32CubeIDE_1.15.1/STM32CubeIDE/plugins/com.st.stm32cube.ide.mcu.externaltools.gnu-tools-for-stm32.12.3.rel1.win32_1.0.100.202403111256/tools/bin/../lib/gcc/arm-none-eabi/12.3.1/../../../../arm-none-eabi/lib/thumb/v7e-m+fp/hard\libc_nano.a(libc_a-freer.o)
                0x08009158                _free_r
 *fill*         0x080091ec        0x4 
 .text.log      0x080091f0       0x7c C:/ST/STM32CubeIDE_1.15.1/STM32CubeIDE/plugins/com.st.stm32cube.ide.mcu.externaltools.gnu-tools-for-stm32.12.3.rel1.win32_1.0.100.202403111256/tools/bin/../lib/gcc/arm-none-eabi/12.3.1/../../../../arm-none-eabi/lib/thumb/v7e-m+fp/hard\libm.a(libm_a-w_log.o)
                0x080091f0                log
 *fill*         0x0800926c        0x4 
 .text.nan      0x08009270       0x10 C:/ST/STM32CubeIDE_1.15.1/STM32CubeIDE/plugins/com.st.stm32cube.ide.mcu.externaltools.gnu-tools-for-stm32.12.3.rel1.win32_1.0.100.202403111256/tools/bin/../lib/gcc/arm-none-eabi/12.3.1/../../../../arm-none-eabi/lib/thumb/v7e-m+fp/hard\libm.a(libm_a-s_nan.o)
                0x08009270                nan
 .text.__ieee754_log
                0x08009280      0x36c C:/ST/STM32CubeIDE_1.15.1/STM32CubeIDE/plugins/com.st.stm32cube.ide.mcu.externaltools.gnu-tools-for-stm32.12.3.rel1.win32_1.0.100.202403111256/tools/bin/../lib/gcc/arm-none-eabi/12.3.1/../../../../arm-none-eabi/lib/thumb/v7e-m+fp/hard\libm.a(libm_a-e_log.o)
                0x08009280                __ieee754_log
 *(.glue_7)
 .glue_7        0x080095ec        0x0 linker stubs
 *(.glue_7t)
 .glue_7t       0x080095ec        0x0 linker stubs
 *(.eh_frame)
 .eh_frame      0x080095ec        0x0 C:/ST/STM32CubeIDE_1.15.1/STM32CubeIDE/plugins/com.st.stm32cube.ide.mcu.externaltools.gnu-tools-for-stm32.12.3.rel1.win32_1.0.100.202403111256/tools/bin/../lib/gcc/arm-none-eabi/12.3.1/thumb/v7e-m+fp/hard/crtbegin.o
 *(.init)
 .init          0x080095ec        0x4 C:/ST/STM32CubeIDE_1.15.1/STM32CubeIDE/plugins/com.st.stm32cube.ide.mcu.externaltools.gnu-tools-for-stm32.12.3.rel1.win32_1.0.100.202403111256/tools/bin/../lib/gcc/arm-none-eabi/12.3.1/thumb/v7e-m+fp/hard/crti.o
                0x080095ec                _init
 .init          0x080095f0        0x8 C:/ST/STM32CubeIDE_1.15.1/STM32CubeIDE/plugins/com.st.stm32cube.ide.mcu.externaltools.gnu-tools-for-stm32.12.3.rel1.win32_1.0.100.202403111256/tools/bin/../lib/gcc/arm-none-eabi/12.3.1/thumb/v7e-m+fp/hard/crtn.o
 *(.fini)
 .fini          0x080095f8        0x4 C:/ST/STM32CubeIDE_1.15.1/STM32CubeIDE/plugins/com.st.stm32cube.ide.mcu.externaltools.gnu-tools-for-stm32.12.3.rel1.win32_1.0.100.202403111256/tools/bin/../lib/gcc/arm-none-eabi/12.3.1/thumb/v7e-m+fp/hard/crti.o
                0x080095f8                _fini
 .fini          0x080095fc        0x8 C:/ST/STM32CubeIDE_1.15.1/STM32CubeIDE/plugins/com.st.stm32cube.ide.mcu.externaltools.gnu-tools-for-stm32.12.3.rel1.win32_1.0.100.202403111256/tools/bin/../lib/gcc/arm-none-eabi/12.3.1/thumb/v7e-m+fp/hard/crtn.o
                0x08009604                        . = ALIGN (0x4)
                0x08009604                        _etext = .

.vfp11_veneer   0x08009604        0x0
 .vfp11_veneer  0x08009604        0x0 linker stubs

.v4_bx          0x08009604        0x0
 .v4_bx         0x08009604        0x0 linker stubs

.iplt           0x08009604        0x0
 .iplt          0x08009604        0x0 C:/ST/STM32CubeIDE_1.15.1/STM32CubeIDE/plugins/com.st.stm32cube.ide.mcu.externaltools.gnu-tools-for-stm32.12.3.rel1.win32_1.0.100.202403111256/tools/bin/../lib/gcc/arm-none-eabi/12.3.1/thumb/v7e-m+fp/hard/crtbegin.o

.rodata         0x08009604      0xe40
                0x08009604                        . = ALIGN (0x4)
 *(.rodata)
 .rodata        0x08009604       0xa0 ./Core/Src/main.o
 .rodata        0x080096a4        0x5 ./Middlewares/Third_Party/FreeRTOS/Source/tasks.o
 *(.rodata*)
 *fill*         0x080096a9        0x3 
 .rodata.AHBPrescTable
                0x080096ac       0x10 ./Core/Src/system_stm32f3xx.o
                0x080096ac                AHBPrescTable
 .rodata.APBPrescTable
                0x080096bc        0x8 ./Core/Src/system_stm32f3xx.o
                0x080096bc                APBPrescTable
 .rodata.aPLLMULFactorTable
                0x080096c4       0x10 ./Drivers/STM32F3xx_HAL_Driver/Src/stm32f3xx_hal_rcc.o
 .rodata.aPredivFactorTable
                0x080096d4       0x10 ./Drivers/STM32F3xx_HAL_Driver/Src/stm32f3xx_hal_rcc.o
 .rodata.adc_channels_1
                0x080096e4       0x28 ./app_drivers/src/adc.o
 .rodata.can_data_pointer
                0x0800970c      0x1ac ./app_drivers/src/can_driver.o
 .rodata.dbc_signal_attributes
                0x080098b8      0x3c3 ./app_drivers/src/can_driver.o
 *fill*         0x08009c7b        0x1 
 .rodata.can_tracker_array
                0x08009c7c       0x80 ./app_drivers/src/can_driver.o
 .rodata.can_data_pointer
                0x08009cfc      0x1ac ./app_drivers/src/dbc.o
 .rodata.can_tracker_array
                0x08009ea8       0x80 ./app_drivers/src/hashmap.o
 .rodata.voltages
                0x08009f28      0x28c ./app_drivers/src/sensor.o
                0x08009f28                voltages
 .rodata.adcValues
                0x0800a1b4      0x28c ./app_drivers/src/sensor.o
                0x0800a1b4                adcValues
 .rodata.log.str1.1
                0x0800a440        0x1 C:/ST/STM32CubeIDE_1.15.1/STM32CubeIDE/plugins/com.st.stm32cube.ide.mcu.externaltools.gnu-tools-for-stm32.12.3.rel1.win32_1.0.100.202403111256/tools/bin/../lib/gcc/arm-none-eabi/12.3.1/../../../../arm-none-eabi/lib/thumb/v7e-m+fp/hard\libm.a(libm_a-w_log.o)
                0x0800a444                        . = ALIGN (0x4)
 *fill*         0x0800a441        0x3 

.rel.dyn        0x0800a444        0x0
 .rel.iplt      0x0800a444        0x0 C:/ST/STM32CubeIDE_1.15.1/STM32CubeIDE/plugins/com.st.stm32cube.ide.mcu.externaltools.gnu-tools-for-stm32.12.3.rel1.win32_1.0.100.202403111256/tools/bin/../lib/gcc/arm-none-eabi/12.3.1/thumb/v7e-m+fp/hard/crtbegin.o

.ARM.extab      0x0800a444        0x0
                0x0800a444                        . = ALIGN (0x4)
 *(.ARM.extab* .gnu.linkonce.armextab.*)
                0x0800a444                        . = ALIGN (0x4)

.ARM            0x0800a444        0x0
                0x0800a444                        . = ALIGN (0x4)
                0x0800a444                        __exidx_start = .
 *(.ARM.exidx*)
                0x0800a444                        __exidx_end = .
                0x0800a444                        . = ALIGN (0x4)

.preinit_array  0x0800a444        0x0
                0x0800a444                        . = ALIGN (0x4)
                0x0800a444                        PROVIDE (__preinit_array_start = .)
 *(.preinit_array*)
                0x0800a444                        PROVIDE (__preinit_array_end = .)
                0x0800a444                        . = ALIGN (0x4)

.init_array     0x0800a444        0x4
                0x0800a444                        . = ALIGN (0x4)
                0x0800a444                        PROVIDE (__init_array_start = .)
 *(SORT_BY_NAME(.init_array.*))
 *(.init_array*)
 .init_array    0x0800a444        0x4 C:/ST/STM32CubeIDE_1.15.1/STM32CubeIDE/plugins/com.st.stm32cube.ide.mcu.externaltools.gnu-tools-for-stm32.12.3.rel1.win32_1.0.100.202403111256/tools/bin/../lib/gcc/arm-none-eabi/12.3.1/thumb/v7e-m+fp/hard/crtbegin.o
                0x0800a448                        PROVIDE (__init_array_end = .)
                0x0800a448                        . = ALIGN (0x4)

.fini_array     0x0800a448        0x4
                0x0800a448                        . = ALIGN (0x4)
                [!provide]                        PROVIDE (__fini_array_start = .)
 *(SORT_BY_NAME(.fini_array.*))
 *(.fini_array*)
 .fini_array    0x0800a448        0x4 C:/ST/STM32CubeIDE_1.15.1/STM32CubeIDE/plugins/com.st.stm32cube.ide.mcu.externaltools.gnu-tools-for-stm32.12.3.rel1.win32_1.0.100.202403111256/tools/bin/../lib/gcc/arm-none-eabi/12.3.1/thumb/v7e-m+fp/hard/crtbegin.o
                [!provide]                        PROVIDE (__fini_array_end = .)
                0x0800a44c                        . = ALIGN (0x4)
                0x0800a44c                        _sidata = LOADADDR (.data)

.data           0x20000000       0xec load address 0x0800a44c
                0x20000000                        . = ALIGN (0x4)
                0x20000000                        _sdata = .
 *(.data)
 *(.data*)
 .data.SystemCoreClock
                0x20000000        0x4 ./Core/Src/system_stm32f3xx.o
                0x20000000                SystemCoreClock
 .data.uwTickPrio
                0x20000004        0x4 ./Drivers/STM32F3xx_HAL_Driver/Src/stm32f3xx_hal.o
                0x20000004                uwTickPrio
 .data.uwTickFreq
                0x20000008        0x1 ./Drivers/STM32F3xx_HAL_Driver/Src/stm32f3xx_hal.o
                0x20000008                uwTickFreq
 *fill*         0x20000009        0x3 
 .data.uxCriticalNesting
                0x2000000c        0x4 ./Middlewares/Third_Party/FreeRTOS/Source/portable/GCC/ARM_CM4F/port.o
 .data.signal_attribute_cache
                0x20000010       0x73 ./app_drivers/src/can_driver.o
 *fill*         0x20000083        0x1 
 .data.calib_can_1
                0x20000084        0x4 ./app_drivers/src/sensor.o
                0x20000084                calib_can_1
 .data.calib_can_2
                0x20000088        0x4 ./app_drivers/src/sensor.o
                0x20000088                calib_can_2
 .data.calib_can_3
                0x2000008c        0x4 ./app_drivers/src/sensor.o
                0x2000008c                calib_can_3
 .data.calib_1  0x20000090        0x4 ./app_drivers/src/sensor.o
                0x20000090                calib_1
 .data.calib_2  0x20000094        0x4 ./app_drivers/src/sensor.o
                0x20000094                calib_2
 .data.calib_3  0x20000098        0x4 ./app_drivers/src/sensor.o
                0x20000098                calib_3
 .data._impure_ptr
                0x2000009c        0x4 C:/ST/STM32CubeIDE_1.15.1/STM32CubeIDE/plugins/com.st.stm32cube.ide.mcu.externaltools.gnu-tools-for-stm32.12.3.rel1.win32_1.0.100.202403111256/tools/bin/../lib/gcc/arm-none-eabi/12.3.1/../../../../arm-none-eabi/lib/thumb/v7e-m+fp/hard\libc_nano.a(libc_a-impure.o)
                0x2000009c                _impure_ptr
 .data._impure_data
                0x200000a0       0x4c C:/ST/STM32CubeIDE_1.15.1/STM32CubeIDE/plugins/com.st.stm32cube.ide.mcu.externaltools.gnu-tools-for-stm32.12.3.rel1.win32_1.0.100.202403111256/tools/bin/../lib/gcc/arm-none-eabi/12.3.1/../../../../arm-none-eabi/lib/thumb/v7e-m+fp/hard\libc_nano.a(libc_a-impure.o)
                0x200000a0                _impure_data
 *(.RamFunc)
 *(.RamFunc*)
                0x200000ec                        . = ALIGN (0x4)
                0x200000ec                        _edata = .
                0x0800a538                        _siccmram = LOADADDR (.ccmram)

.igot.plt       0x200000ec        0x0 load address 0x0800a538
 .igot.plt      0x200000ec        0x0 C:/ST/STM32CubeIDE_1.15.1/STM32CubeIDE/plugins/com.st.stm32cube.ide.mcu.externaltools.gnu-tools-for-stm32.12.3.rel1.win32_1.0.100.202403111256/tools/bin/../lib/gcc/arm-none-eabi/12.3.1/thumb/v7e-m+fp/hard/crtbegin.o

.ccmram         0x10000000        0x0 load address 0x0800a538
                0x10000000                        . = ALIGN (0x4)
                0x10000000                        _sccmram = .
 *(.ccmram)
 *(.ccmram*)
                0x10000000                        . = ALIGN (0x4)
                0x10000000                        _eccmram = .
                0x10000000                        . = ALIGN (0x4)

.bss            0x200000f0     0x14fc
                0x200000f0                        _sbss = .
                0x200000f0                        __bss_start__ = _sbss
 *(.bss)
 .bss           0x200000f0       0x1c C:/ST/STM32CubeIDE_1.15.1/STM32CubeIDE/plugins/com.st.stm32cube.ide.mcu.externaltools.gnu-tools-for-stm32.12.3.rel1.win32_1.0.100.202403111256/tools/bin/../lib/gcc/arm-none-eabi/12.3.1/thumb/v7e-m+fp/hard/crtbegin.o
 *(.bss*)
 .bss.xIdleTaskTCBBuffer
                0x2000010c       0xa0 ./Core/Src/freertos.o
 .bss.xIdleStack
                0x200001ac      0x200 ./Core/Src/freertos.o
 .bss.current_time_1
                0x200003ac        0x4 ./Core/Src/main.o
                0x200003ac                current_time_1
 .bss.cloop_time_1
                0x200003b0        0x4 ./Core/Src/main.o
                0x200003b0                cloop_time_1
 .bss.Flowrate_1
                0x200003b4        0x4 ./Core/Src/main.o
                0x200003b4                Flowrate_1
 .bss.current_time_2
                0x200003b8        0x4 ./Core/Src/main.o
                0x200003b8                current_time_2
 .bss.cloop_time_2
                0x200003bc        0x4 ./Core/Src/main.o
                0x200003bc                cloop_time_2
 .bss.Flowrate_2
                0x200003c0        0x4 ./Core/Src/main.o
                0x200003c0                Flowrate_2
 .bss.prev_lpm_flag_1
                0x200003c4        0x4 ./Core/Src/main.o
                0x200003c4                prev_lpm_flag_1
 .bss.prev_lpm_flag_2
                0x200003c8        0x4 ./Core/Src/main.o
                0x200003c8                prev_lpm_flag_2
 .bss.hadc1     0x200003cc       0x50 ./Core/Src/main.o
                0x200003cc                hadc1
 .bss.hcan      0x2000041c       0x28 ./Core/Src/main.o
                0x2000041c                hcan
 .bss.defaultTaskHandle
                0x20000444        0x4 ./Core/Src/main.o
                0x20000444                defaultTaskHandle
 .bss.myTask02Handle
                0x20000448        0x4 ./Core/Src/main.o
                0x20000448                myTask02Handle
 .bss.myTask03Handle
                0x2000044c        0x4 ./Core/Src/main.o
                0x2000044c                myTask03Handle
 .bss.myTask04Handle
                0x20000450        0x4 ./Core/Src/main.o
                0x20000450                myTask04Handle
 .bss.task_1_counter
                0x20000454        0x4 ./Core/Src/main.o
                0x20000454                task_1_counter
 .bss.task_2_counter
                0x20000458        0x4 ./Core/Src/main.o
                0x20000458                task_2_counter
 .bss.task_3_counter
                0x2000045c        0x4 ./Core/Src/main.o
                0x2000045c                task_3_counter
 .bss.task_4_counter
                0x20000460        0x4 ./Core/Src/main.o
                0x20000460                task_4_counter
 .bss.htim1     0x20000464       0x4c ./Core/Src/stm32f3xx_hal_timebase_tim.o
                0x20000464                htim1
 .bss.uwTick    0x200004b0        0x4 ./Drivers/STM32F3xx_HAL_Driver/Src/stm32f3xx_hal.o
                0x200004b0                uwTick
 .bss.pxCurrentTCB
                0x200004b4        0x4 ./Middlewares/Third_Party/FreeRTOS/Source/tasks.o
                0x200004b4                pxCurrentTCB
 .bss.pxReadyTasksLists
                0x200004b8       0x8c ./Middlewares/Third_Party/FreeRTOS/Source/tasks.o
 .bss.xDelayedTaskList1
                0x20000544       0x14 ./Middlewares/Third_Party/FreeRTOS/Source/tasks.o
 .bss.xDelayedTaskList2
                0x20000558       0x14 ./Middlewares/Third_Party/FreeRTOS/Source/tasks.o
 .bss.pxDelayedTaskList
                0x2000056c        0x4 ./Middlewares/Third_Party/FreeRTOS/Source/tasks.o
 .bss.pxOverflowDelayedTaskList
                0x20000570        0x4 ./Middlewares/Third_Party/FreeRTOS/Source/tasks.o
 .bss.xPendingReadyList
                0x20000574       0x14 ./Middlewares/Third_Party/FreeRTOS/Source/tasks.o
 .bss.xTasksWaitingTermination
                0x20000588       0x14 ./Middlewares/Third_Party/FreeRTOS/Source/tasks.o
 .bss.uxDeletedTasksWaitingCleanUp
                0x2000059c        0x4 ./Middlewares/Third_Party/FreeRTOS/Source/tasks.o
 .bss.xSuspendedTaskList
                0x200005a0       0x14 ./Middlewares/Third_Party/FreeRTOS/Source/tasks.o
 .bss.uxCurrentNumberOfTasks
                0x200005b4        0x4 ./Middlewares/Third_Party/FreeRTOS/Source/tasks.o
 .bss.xTickCount
                0x200005b8        0x4 ./Middlewares/Third_Party/FreeRTOS/Source/tasks.o
 .bss.uxTopReadyPriority
                0x200005bc        0x4 ./Middlewares/Third_Party/FreeRTOS/Source/tasks.o
 .bss.xSchedulerRunning
                0x200005c0        0x4 ./Middlewares/Third_Party/FreeRTOS/Source/tasks.o
 .bss.uxPendedTicks
                0x200005c4        0x4 ./Middlewares/Third_Party/FreeRTOS/Source/tasks.o
 .bss.xYieldPending
                0x200005c8        0x4 ./Middlewares/Third_Party/FreeRTOS/Source/tasks.o
 .bss.xNumOfOverflows
                0x200005cc        0x4 ./Middlewares/Third_Party/FreeRTOS/Source/tasks.o
 .bss.uxTaskNumber
                0x200005d0        0x4 ./Middlewares/Third_Party/FreeRTOS/Source/tasks.o
 .bss.xNextTaskUnblockTime
                0x200005d4        0x4 ./Middlewares/Third_Party/FreeRTOS/Source/tasks.o
 .bss.xIdleTaskHandle
                0x200005d8        0x4 ./Middlewares/Third_Party/FreeRTOS/Source/tasks.o
 .bss.uxSchedulerSuspended
                0x200005dc        0x4 ./Middlewares/Third_Party/FreeRTOS/Source/tasks.o
 .bss.ucMaxSysCallPriority
                0x200005e0        0x1 ./Middlewares/Third_Party/FreeRTOS/Source/portable/GCC/ARM_CM4F/port.o
 *fill*         0x200005e1        0x3 
 .bss.ulMaxPRIGROUPValue
                0x200005e4        0x4 ./Middlewares/Third_Party/FreeRTOS/Source/portable/GCC/ARM_CM4F/port.o
 .bss.ucHeap    0x200005e8      0xc00 ./Middlewares/Third_Party/FreeRTOS/Source/portable/MemMang/heap_4.o
 .bss.xStart    0x200011e8        0x8 ./Middlewares/Third_Party/FreeRTOS/Source/portable/MemMang/heap_4.o
 .bss.pxEnd     0x200011f0        0x4 ./Middlewares/Third_Party/FreeRTOS/Source/portable/MemMang/heap_4.o
 .bss.xFreeBytesRemaining
                0x200011f4        0x4 ./Middlewares/Third_Party/FreeRTOS/Source/portable/MemMang/heap_4.o
 .bss.xMinimumEverFreeBytesRemaining
                0x200011f8        0x4 ./Middlewares/Third_Party/FreeRTOS/Source/portable/MemMang/heap_4.o
 .bss.xBlockAllocatedBit
                0x200011fc        0x4 ./Middlewares/Third_Party/FreeRTOS/Source/portable/MemMang/heap_4.o
 .bss.adc_raw_data_1
                0x20001200       0x28 ./app_drivers/src/adc.o
                0x20001200                adc_raw_data_1
 .bss.data_1    0x20001228        0x2 ./app_drivers/src/adc.o
                0x20001228                data_1
 *fill*         0x2000122a        0x2 
 .bss.can_data_adc_low_volt_1
                0x2000122c        0x4 ./app_drivers/src/dbc.o
                0x2000122c                can_data_adc_low_volt_1
 .bss.can_data_adc_low_volt_2
                0x20001230        0x4 ./app_drivers/src/dbc.o
                0x20001230                can_data_adc_low_volt_2
 .bss.can_data_adc_low_volt_3
                0x20001234        0x4 ./app_drivers/src/dbc.o
                0x20001234                can_data_adc_low_volt_3
 .bss.can_data_adc_low_volt_4
                0x20001238        0x4 ./app_drivers/src/dbc.o
                0x20001238                can_data_adc_low_volt_4
 .bss.can_data_batt_volt_1
                0x2000123c        0x4 ./app_drivers/src/dbc.o
                0x2000123c                can_data_batt_volt_1
 .bss.can_data_batt_volt_2
                0x20001240        0x4 ./app_drivers/src/dbc.o
                0x20001240                can_data_batt_volt_2
 .bss.can_data_batt_volt_3
                0x20001244        0x4 ./app_drivers/src/dbc.o
                0x20001244                can_data_batt_volt_3
 .bss.can_data_batt_volt_1_gain_feedback
                0x20001248        0x4 ./app_drivers/src/dbc.o
                0x20001248                can_data_batt_volt_1_gain_feedback
 .bss.can_data_batt_volt_2_gain_feedback
                0x2000124c        0x4 ./app_drivers/src/dbc.o
                0x2000124c                can_data_batt_volt_2_gain_feedback
 .bss.can_data_batt_volt_3_gain_feedback
                0x20001250        0x4 ./app_drivers/src/dbc.o
                0x20001250                can_data_batt_volt_3_gain_feedback
 .bss.can_data_batt_volt_1_gain_set
                0x20001254        0x4 ./app_drivers/src/dbc.o
                0x20001254                can_data_batt_volt_1_gain_set
 .bss.can_data_batt_volt_2_gain_set
                0x20001258        0x4 ./app_drivers/src/dbc.o
                0x20001258                can_data_batt_volt_2_gain_set
 .bss.can_data_batt_volt_3_gain_set
                0x2000125c        0x4 ./app_drivers/src/dbc.o
                0x2000125c                can_data_batt_volt_3_gain_set
 .bss.can_data_gpio_input_1
                0x20001260        0x4 ./app_drivers/src/dbc.o
                0x20001260                can_data_gpio_input_1
 .bss.can_data_gpio_input_2
                0x20001264        0x4 ./app_drivers/src/dbc.o
                0x20001264                can_data_gpio_input_2
 .bss.can_data_gpio_input_3
                0x20001268        0x4 ./app_drivers/src/dbc.o
                0x20001268                can_data_gpio_input_3
 .bss.can_data_gpio_input_4
                0x2000126c        0x4 ./app_drivers/src/dbc.o
                0x2000126c                can_data_gpio_input_4
 .bss.can_data_gpio_input_5
                0x20001270        0x4 ./app_drivers/src/dbc.o
                0x20001270                can_data_gpio_input_5
 .bss.can_data_gpio_input_6
                0x20001274        0x4 ./app_drivers/src/dbc.o
                0x20001274                can_data_gpio_input_6
 .bss.can_data_gpio_input_7
                0x20001278        0x4 ./app_drivers/src/dbc.o
                0x20001278                can_data_gpio_input_7
 .bss.can_data_gpio_input_8
                0x2000127c        0x4 ./app_drivers/src/dbc.o
                0x2000127c                can_data_gpio_input_8
 .bss.can_data_gpio_input_9
                0x20001280        0x4 ./app_drivers/src/dbc.o
                0x20001280                can_data_gpio_input_9
 .bss.can_data_gpio_input_10
                0x20001284        0x4 ./app_drivers/src/dbc.o
                0x20001284                can_data_gpio_input_10
 .bss.can_data_gpio_input_11
                0x20001288        0x4 ./app_drivers/src/dbc.o
                0x20001288                can_data_gpio_input_11
 .bss.can_data_gpio_input_12
                0x2000128c        0x4 ./app_drivers/src/dbc.o
                0x2000128c                can_data_gpio_input_12
 .bss.can_data_gpio_input_13
                0x20001290        0x4 ./app_drivers/src/dbc.o
                0x20001290                can_data_gpio_input_13
 .bss.can_data_gpio_input_14
                0x20001294        0x4 ./app_drivers/src/dbc.o
                0x20001294                can_data_gpio_input_14
 .bss.can_data_gpio_input_15
                0x20001298        0x4 ./app_drivers/src/dbc.o
                0x20001298                can_data_gpio_input_15
 .bss.can_data_gpio_input_16
                0x2000129c        0x4 ./app_drivers/src/dbc.o
                0x2000129c                can_data_gpio_input_16
 .bss.can_data_gpio_input_17
                0x200012a0        0x4 ./app_drivers/src/dbc.o
                0x200012a0                can_data_gpio_input_17
 .bss.can_data_gpio_input_18
                0x200012a4        0x4 ./app_drivers/src/dbc.o
                0x200012a4                can_data_gpio_input_18
 .bss.can_data_gpio_input_19
                0x200012a8        0x4 ./app_drivers/src/dbc.o
                0x200012a8                can_data_gpio_input_19
 .bss.can_data_gpio_input_20
                0x200012ac        0x4 ./app_drivers/src/dbc.o
                0x200012ac                can_data_gpio_input_20
 .bss.can_data_gpio_input_21
                0x200012b0        0x4 ./app_drivers/src/dbc.o
                0x200012b0                can_data_gpio_input_21
 .bss.can_data_gpio_input_22
                0x200012b4        0x4 ./app_drivers/src/dbc.o
                0x200012b4                can_data_gpio_input_22
 .bss.can_data_gpio_input_23
                0x200012b8        0x4 ./app_drivers/src/dbc.o
                0x200012b8                can_data_gpio_input_23
 .bss.can_data_gpio_input_24
                0x200012bc        0x4 ./app_drivers/src/dbc.o
                0x200012bc                can_data_gpio_input_24
 .bss.can_data_gpio_input_25
                0x200012c0        0x4 ./app_drivers/src/dbc.o
                0x200012c0                can_data_gpio_input_25
 .bss.can_data_gpio_input_26
                0x200012c4        0x4 ./app_drivers/src/dbc.o
                0x200012c4                can_data_gpio_input_26
 .bss.can_data_gpio_input_27
                0x200012c8        0x4 ./app_drivers/src/dbc.o
                0x200012c8                can_data_gpio_input_27
 .bss.can_data_gpio_input_28
                0x200012cc        0x4 ./app_drivers/src/dbc.o
                0x200012cc                can_data_gpio_input_28
 .bss.can_data_gpio_input_29
                0x200012d0        0x4 ./app_drivers/src/dbc.o
                0x200012d0                can_data_gpio_input_29
 .bss.can_data_gpio_input_30
                0x200012d4        0x4 ./app_drivers/src/dbc.o
                0x200012d4                can_data_gpio_input_30
 .bss.can_data_gpio_input_31
                0x200012d8        0x4 ./app_drivers/src/dbc.o
                0x200012d8                can_data_gpio_input_31
 .bss.can_data_gpio_input_32
                0x200012dc        0x4 ./app_drivers/src/dbc.o
                0x200012dc                can_data_gpio_input_32
 .bss.can_data_gpio_input_33
                0x200012e0        0x4 ./app_drivers/src/dbc.o
                0x200012e0                can_data_gpio_input_33
 .bss.can_data_gpio_input_34
                0x200012e4        0x4 ./app_drivers/src/dbc.o
                0x200012e4                can_data_gpio_input_34
 .bss.can_data_gpio_input_35
                0x200012e8        0x4 ./app_drivers/src/dbc.o
                0x200012e8                can_data_gpio_input_35
 .bss.can_data_gpio_input_36
                0x200012ec        0x4 ./app_drivers/src/dbc.o
                0x200012ec                can_data_gpio_input_36
 .bss.can_data_flowrate_1
                0x200012f0        0x4 ./app_drivers/src/dbc.o
                0x200012f0                can_data_flowrate_1
 .bss.can_data_flowrate_2
                0x200012f4        0x4 ./app_drivers/src/dbc.o
                0x200012f4                can_data_flowrate_2
 .bss.can_data_a1
                0x200012f8        0x4 ./app_drivers/src/dbc.o
                0x200012f8                can_data_a1
 .bss.can_data_a2
                0x200012fc        0x4 ./app_drivers/src/dbc.o
                0x200012fc                can_data_a2
 .bss.can_data_a3
                0x20001300        0x4 ./app_drivers/src/dbc.o
                0x20001300                can_data_a3
 .bss.can_data_a4
                0x20001304        0x4 ./app_drivers/src/dbc.o
                0x20001304                can_data_a4
 .bss.can_data_a5
                0x20001308        0x4 ./app_drivers/src/dbc.o
                0x20001308                can_data_a5
 .bss.can_data_a6
                0x2000130c        0x4 ./app_drivers/src/dbc.o
                0x2000130c                can_data_a6
 .bss.can_data_a7
                0x20001310        0x4 ./app_drivers/src/dbc.o
                0x20001310                can_data_a7
 .bss.can_data_a8
                0x20001314        0x4 ./app_drivers/src/dbc.o
                0x20001314                can_data_a8
 .bss.can_data_a9
                0x20001318        0x4 ./app_drivers/src/dbc.o
                0x20001318                can_data_a9
 .bss.can_data_a10
                0x2000131c        0x4 ./app_drivers/src/dbc.o
                0x2000131c                can_data_a10
 .bss.can_data_a11
                0x20001320        0x4 ./app_drivers/src/dbc.o
                0x20001320                can_data_a11
 .bss.can_data_a12
                0x20001324        0x4 ./app_drivers/src/dbc.o
                0x20001324                can_data_a12
 .bss.can_data_a13
                0x20001328        0x4 ./app_drivers/src/dbc.o
                0x20001328                can_data_a13
 .bss.can_data_a14
                0x2000132c        0x4 ./app_drivers/src/dbc.o
                0x2000132c                can_data_a14
 .bss.can_data_a15
                0x20001330        0x4 ./app_drivers/src/dbc.o
                0x20001330                can_data_a15
 .bss.can_data_a16
                0x20001334        0x4 ./app_drivers/src/dbc.o
                0x20001334                can_data_a16
 .bss.can_data_b1
                0x20001338        0x4 ./app_drivers/src/dbc.o
                0x20001338                can_data_b1
 .bss.can_data_b2
                0x2000133c        0x4 ./app_drivers/src/dbc.o
                0x2000133c                can_data_b2
 .bss.can_data_b3
                0x20001340        0x4 ./app_drivers/src/dbc.o
                0x20001340                can_data_b3
 .bss.can_data_b4
                0x20001344        0x4 ./app_drivers/src/dbc.o
                0x20001344                can_data_b4
 .bss.can_data_b5
                0x20001348        0x4 ./app_drivers/src/dbc.o
                0x20001348                can_data_b5
 .bss.can_data_b6
                0x2000134c        0x4 ./app_drivers/src/dbc.o
                0x2000134c                can_data_b6
 .bss.can_data_b7
                0x20001350        0x4 ./app_drivers/src/dbc.o
                0x20001350                can_data_b7
 .bss.can_data_b8
                0x20001354        0x4 ./app_drivers/src/dbc.o
                0x20001354                can_data_b8
 .bss.can_data_b9
                0x20001358        0x4 ./app_drivers/src/dbc.o
                0x20001358                can_data_b9
 .bss.can_data_b10
                0x2000135c        0x4 ./app_drivers/src/dbc.o
                0x2000135c                can_data_b10
 .bss.can_data_b11
                0x20001360        0x4 ./app_drivers/src/dbc.o
                0x20001360                can_data_b11
 .bss.can_data_b12
                0x20001364        0x4 ./app_drivers/src/dbc.o
                0x20001364                can_data_b12
 .bss.can_data_b13
                0x20001368        0x4 ./app_drivers/src/dbc.o
                0x20001368                can_data_b13
 .bss.can_data_b14
                0x2000136c        0x4 ./app_drivers/src/dbc.o
                0x2000136c                can_data_b14
 .bss.can_data_b15
                0x20001370        0x4 ./app_drivers/src/dbc.o
                0x20001370                can_data_b15
 .bss.can_data_b16
                0x20001374        0x4 ./app_drivers/src/dbc.o
                0x20001374                can_data_b16
 .bss.can_data_c1
                0x20001378        0x4 ./app_drivers/src/dbc.o
                0x20001378                can_data_c1
 .bss.can_data_c2
                0x2000137c        0x4 ./app_drivers/src/dbc.o
                0x2000137c                can_data_c2
 .bss.can_data_c3
                0x20001380        0x4 ./app_drivers/src/dbc.o
                0x20001380                can_data_c3
 .bss.can_data_c4
                0x20001384        0x4 ./app_drivers/src/dbc.o
                0x20001384                can_data_c4
 .bss.can_data_c5
                0x20001388        0x4 ./app_drivers/src/dbc.o
                0x20001388                can_data_c5
 .bss.can_data_c6
                0x2000138c        0x4 ./app_drivers/src/dbc.o
                0x2000138c                can_data_c6
 .bss.can_data_c7
                0x20001390        0x4 ./app_drivers/src/dbc.o
                0x20001390                can_data_c7
 .bss.can_data_c8
                0x20001394        0x4 ./app_drivers/src/dbc.o
                0x20001394                can_data_c8
 .bss.can_data_c9
                0x20001398        0x4 ./app_drivers/src/dbc.o
                0x20001398                can_data_c9
 .bss.can_data_c10
                0x2000139c        0x4 ./app_drivers/src/dbc.o
                0x2000139c                can_data_c10
 .bss.can_data_c11
                0x200013a0        0x4 ./app_drivers/src/dbc.o
                0x200013a0                can_data_c11
 .bss.can_data_c12
                0x200013a4        0x4 ./app_drivers/src/dbc.o
                0x200013a4                can_data_c12
 .bss.can_data_c13
                0x200013a8        0x4 ./app_drivers/src/dbc.o
                0x200013a8                can_data_c13
 .bss.can_data_c14
                0x200013ac        0x4 ./app_drivers/src/dbc.o
                0x200013ac                can_data_c14
 .bss.can_data_c15
                0x200013b0        0x4 ./app_drivers/src/dbc.o
                0x200013b0                can_data_c15
 .bss.can_data_c16
                0x200013b4        0x4 ./app_drivers/src/dbc.o
                0x200013b4                can_data_c16
 .bss.can_data_task_1_counter
                0x200013b8        0x4 ./app_drivers/src/dbc.o
                0x200013b8                can_data_task_1_counter
 .bss.can_data_task_2_counter
                0x200013bc        0x4 ./app_drivers/src/dbc.o
                0x200013bc                can_data_task_2_counter
 .bss.can_data_task_3_counter
                0x200013c0        0x4 ./app_drivers/src/dbc.o
                0x200013c0                can_data_task_3_counter
 .bss.can_data_task_4_counter
                0x200013c4        0x4 ./app_drivers/src/dbc.o
                0x200013c4                can_data_task_4_counter
 .bss.can_data_task_5_counter
                0x200013c8        0x4 ./app_drivers/src/dbc.o
                0x200013c8                can_data_task_5_counter
 .bss.can_data_ten_k_thermistor_1
                0x200013cc        0x4 ./app_drivers/src/dbc.o
                0x200013cc                can_data_ten_k_thermistor_1
 .bss.can_data_ten_k_thermistor_2
                0x200013d0        0x4 ./app_drivers/src/dbc.o
                0x200013d0                can_data_ten_k_thermistor_2
 .bss.can_data_ten_k_thermistor_3
                0x200013d4        0x4 ./app_drivers/src/dbc.o
                0x200013d4                can_data_ten_k_thermistor_3
 .bss.can_hashmap
                0x200013d8       0x20 ./app_drivers/src/hashmap.o
                0x200013d8                can_hashmap
 .bss.can_hashmap_data
                0x200013f8       0x40 ./app_drivers/src/hashmap.o
                0x200013f8                can_hashmap_data
 .bss.memory_counter.0
                0x20001438        0x2 ./app_drivers/src/hashmap.o
 *fill*         0x2000143a        0x2 
 .bss.flag      0x2000143c        0x4 ./app_drivers/src/middleware.o
                0x2000143c                flag
 .bss.pulse_1   0x20001440        0x4 ./app_drivers/src/middleware.o
                0x20001440                pulse_1
 .bss.pulse_2   0x20001444        0x4 ./app_drivers/src/middleware.o
                0x20001444                pulse_2
 .bss.frame     0x20001448       0x40 ./app_drivers/src/middleware.o
                0x20001448                frame
 .bss.temp_10k_Sensor_2
                0x20001488        0x8 ./app_drivers/src/sensor.o
                0x20001488                temp_10k_Sensor_2
 .bss.temp_10k_Sensor_1
                0x20001490        0x8 ./app_drivers/src/sensor.o
                0x20001490                temp_10k_Sensor_1
 .bss.temp_10k_Sensor_3
                0x20001498        0x8 ./app_drivers/src/sensor.o
                0x20001498                temp_10k_Sensor_3
 .bss.voltage_1
                0x200014a0        0x4 ./app_drivers/src/sensor.o
                0x200014a0                voltage_1
 .bss.voltage_2
                0x200014a4        0x4 ./app_drivers/src/sensor.o
                0x200014a4                voltage_2
 .bss.voltage_3
                0x200014a8        0x4 ./app_drivers/src/sensor.o
                0x200014a8                voltage_3
 .bss.__malloc_free_list
                0x200014ac        0x4 C:/ST/STM32CubeIDE_1.15.1/STM32CubeIDE/plugins/com.st.stm32cube.ide.mcu.externaltools.gnu-tools-for-stm32.12.3.rel1.win32_1.0.100.202403111256/tools/bin/../lib/gcc/arm-none-eabi/12.3.1/../../../../arm-none-eabi/lib/thumb/v7e-m+fp/hard\libc_nano.a(libc_a-mallocr.o)
                0x200014ac                __malloc_free_list
 .bss.__sf      0x200014b0      0x138 C:/ST/STM32CubeIDE_1.15.1/STM32CubeIDE/plugins/com.st.stm32cube.ide.mcu.externaltools.gnu-tools-for-stm32.12.3.rel1.win32_1.0.100.202403111256/tools/bin/../lib/gcc/arm-none-eabi/12.3.1/../../../../arm-none-eabi/lib/thumb/v7e-m+fp/hard\libc_nano.a(libc_a-findfp.o)
                0x200014b0                __sf
 .bss.__lock___malloc_recursive_mutex
                0x200015e8        0x1 C:/ST/STM32CubeIDE_1.15.1/STM32CubeIDE/plugins/com.st.stm32cube.ide.mcu.externaltools.gnu-tools-for-stm32.12.3.rel1.win32_1.0.100.202403111256/tools/bin/../lib/gcc/arm-none-eabi/12.3.1/../../../../arm-none-eabi/lib/thumb/v7e-m+fp/hard\libc_nano.a(libc_a-lock.o)
                0x200015e8                __lock___malloc_recursive_mutex
 *(COMMON)
                0x200015ec                        . = ALIGN (0x4)
 *fill*         0x200015e9        0x3 
                0x200015ec                        _ebss = .
                0x200015ec                        __bss_end__ = _ebss

._user_heap_stack
                0x200015ec      0x604
                0x200015f0                        . = ALIGN (0x8)
 *fill*         0x200015ec        0x4 
                [!provide]                        PROVIDE (end = .)
                0x200015f0                        PROVIDE (_end = .)
                0x200017f0                        . = (. + _Min_Heap_Size)
 *fill*         0x200015f0      0x200 
                0x20001bf0                        . = (. + _Min_Stack_Size)
 *fill*         0x200017f0      0x400 
                0x20001bf0                        . = ALIGN (0x8)

/DISCARD/
 libc.a(*)
 libm.a(*)
 libgcc.a(*)

.ARM.attributes
                0x00000000       0x30
 *(.ARM.attributes)
 .ARM.attributes
                0x00000000       0x22 C:/ST/STM32CubeIDE_1.15.1/STM32CubeIDE/plugins/com.st.stm32cube.ide.mcu.externaltools.gnu-tools-for-stm32.12.3.rel1.win32_1.0.100.202403111256/tools/bin/../lib/gcc/arm-none-eabi/12.3.1/thumb/v7e-m+fp/hard/crti.o
 .ARM.attributes
                0x00000022       0x34 C:/ST/STM32CubeIDE_1.15.1/STM32CubeIDE/plugins/com.st.stm32cube.ide.mcu.externaltools.gnu-tools-for-stm32.12.3.rel1.win32_1.0.100.202403111256/tools/bin/../lib/gcc/arm-none-eabi/12.3.1/thumb/v7e-m+fp/hard/crtbegin.o
 .ARM.attributes
                0x00000056       0x34 ./Core/Src/freertos.o
 .ARM.attributes
                0x0000008a       0x34 ./Core/Src/main.o
 .ARM.attributes
                0x000000be       0x34 ./Core/Src/stm32f3xx_hal_msp.o
 .ARM.attributes
                0x000000f2       0x34 ./Core/Src/stm32f3xx_hal_timebase_tim.o
 .ARM.attributes
                0x00000126       0x34 ./Core/Src/stm32f3xx_it.o
 .ARM.attributes
                0x0000015a       0x34 ./Core/Src/system_stm32f3xx.o
 .ARM.attributes
                0x0000018e       0x21 ./Core/Startup/startup_stm32f303zetx.o
 .ARM.attributes
                0x000001af       0x34 ./Drivers/STM32F3xx_HAL_Driver/Src/stm32f3xx_hal.o
 .ARM.attributes
                0x000001e3       0x34 ./Drivers/STM32F3xx_HAL_Driver/Src/stm32f3xx_hal_adc_ex.o
 .ARM.attributes
                0x00000217       0x34 ./Drivers/STM32F3xx_HAL_Driver/Src/stm32f3xx_hal_can.o
 .ARM.attributes
                0x0000024b       0x34 ./Drivers/STM32F3xx_HAL_Driver/Src/stm32f3xx_hal_cortex.o
 .ARM.attributes
                0x0000027f       0x34 ./Drivers/STM32F3xx_HAL_Driver/Src/stm32f3xx_hal_gpio.o
 .ARM.attributes
                0x000002b3       0x34 ./Drivers/STM32F3xx_HAL_Driver/Src/stm32f3xx_hal_rcc.o
 .ARM.attributes
                0x000002e7       0x34 ./Drivers/STM32F3xx_HAL_Driver/Src/stm32f3xx_hal_rcc_ex.o
 .ARM.attributes
                0x0000031b       0x34 ./Drivers/STM32F3xx_HAL_Driver/Src/stm32f3xx_hal_tim.o
 .ARM.attributes
                0x0000034f       0x34 ./Drivers/STM32F3xx_HAL_Driver/Src/stm32f3xx_hal_tim_ex.o
 .ARM.attributes
                0x00000383       0x34 ./Middlewares/Third_Party/FreeRTOS/Source/CMSIS_RTOS/cmsis_os.o
 .ARM.attributes
                0x000003b7       0x34 ./Middlewares/Third_Party/FreeRTOS/Source/list.o
 .ARM.attributes
                0x000003eb       0x34 ./Middlewares/Third_Party/FreeRTOS/Source/tasks.o
 .ARM.attributes
                0x0000041f       0x34 ./Middlewares/Third_Party/FreeRTOS/Source/portable/GCC/ARM_CM4F/port.o
 .ARM.attributes
                0x00000453       0x34 ./Middlewares/Third_Party/FreeRTOS/Source/portable/MemMang/heap_4.o
 .ARM.attributes
                0x00000487       0x34 ./app_drivers/src/adc.o
 .ARM.attributes
                0x000004bb       0x34 ./app_drivers/src/can_driver.o
 .ARM.attributes
                0x000004ef       0x34 ./app_drivers/src/common.o
 .ARM.attributes
                0x00000523       0x34 ./app_drivers/src/dbc.o
 .ARM.attributes
                0x00000557       0x34 ./app_drivers/src/hashmap.o
 .ARM.attributes
                0x0000058b       0x34 ./app_drivers/src/message_support.o
 .ARM.attributes
                0x000005bf       0x34 ./app_drivers/src/middleware.o
 .ARM.attributes
                0x000005f3       0x34 ./app_drivers/src/number_operations.o
 .ARM.attributes
                0x00000627       0x34 ./app_drivers/src/sensor.o
 .ARM.attributes
                0x0000065b       0x34 C:/ST/STM32CubeIDE_1.15.1/STM32CubeIDE/plugins/com.st.stm32cube.ide.mcu.externaltools.gnu-tools-for-stm32.12.3.rel1.win32_1.0.100.202403111256/tools/bin/../lib/gcc/arm-none-eabi/12.3.1/../../../../arm-none-eabi/lib/thumb/v7e-m+fp/hard\libc_nano.a(libc_a-mallocr.o)
 .ARM.attributes
                0x0000068f       0x34 C:/ST/STM32CubeIDE_1.15.1/STM32CubeIDE/plugins/com.st.stm32cube.ide.mcu.externaltools.gnu-tools-for-stm32.12.3.rel1.win32_1.0.100.202403111256/tools/bin/../lib/gcc/arm-none-eabi/12.3.1/../../../../arm-none-eabi/lib/thumb/v7e-m+fp/hard\libc_nano.a(libc_a-mlock.o)
 .ARM.attributes
                0x000006c3       0x34 C:/ST/STM32CubeIDE_1.15.1/STM32CubeIDE/plugins/com.st.stm32cube.ide.mcu.externaltools.gnu-tools-for-stm32.12.3.rel1.win32_1.0.100.202403111256/tools/bin/../lib/gcc/arm-none-eabi/12.3.1/../../../../arm-none-eabi/lib/thumb/v7e-m+fp/hard\libc_nano.a(libc_a-findfp.o)
 .ARM.attributes
                0x000006f7       0x34 C:/ST/STM32CubeIDE_1.15.1/STM32CubeIDE/plugins/com.st.stm32cube.ide.mcu.externaltools.gnu-tools-for-stm32.12.3.rel1.win32_1.0.100.202403111256/tools/bin/../lib/gcc/arm-none-eabi/12.3.1/../../../../arm-none-eabi/lib/thumb/v7e-m+fp/hard\libc_nano.a(libc_a-memset.o)
 .ARM.attributes
                0x0000072b       0x34 C:/ST/STM32CubeIDE_1.15.1/STM32CubeIDE/plugins/com.st.stm32cube.ide.mcu.externaltools.gnu-tools-for-stm32.12.3.rel1.win32_1.0.100.202403111256/tools/bin/../lib/gcc/arm-none-eabi/12.3.1/../../../../arm-none-eabi/lib/thumb/v7e-m+fp/hard\libc_nano.a(libc_a-reent.o)
 .ARM.attributes
                0x0000075f       0x34 C:/ST/STM32CubeIDE_1.15.1/STM32CubeIDE/plugins/com.st.stm32cube.ide.mcu.externaltools.gnu-tools-for-stm32.12.3.rel1.win32_1.0.100.202403111256/tools/bin/../lib/gcc/arm-none-eabi/12.3.1/../../../../arm-none-eabi/lib/thumb/v7e-m+fp/hard\libc_nano.a(libc_a-impure.o)
 .ARM.attributes
                0x00000793       0x34 C:/ST/STM32CubeIDE_1.15.1/STM32CubeIDE/plugins/com.st.stm32cube.ide.mcu.externaltools.gnu-tools-for-stm32.12.3.rel1.win32_1.0.100.202403111256/tools/bin/../lib/gcc/arm-none-eabi/12.3.1/../../../../arm-none-eabi/lib/thumb/v7e-m+fp/hard\libc_nano.a(libc_a-errno.o)
 .ARM.attributes
                0x000007c7       0x34 C:/ST/STM32CubeIDE_1.15.1/STM32CubeIDE/plugins/com.st.stm32cube.ide.mcu.externaltools.gnu-tools-for-stm32.12.3.rel1.win32_1.0.100.202403111256/tools/bin/../lib/gcc/arm-none-eabi/12.3.1/../../../../arm-none-eabi/lib/thumb/v7e-m+fp/hard\libc_nano.a(libc_a-init.o)
 .ARM.attributes
                0x000007fb       0x34 C:/ST/STM32CubeIDE_1.15.1/STM32CubeIDE/plugins/com.st.stm32cube.ide.mcu.externaltools.gnu-tools-for-stm32.12.3.rel1.win32_1.0.100.202403111256/tools/bin/../lib/gcc/arm-none-eabi/12.3.1/../../../../arm-none-eabi/lib/thumb/v7e-m+fp/hard\libc_nano.a(libc_a-lock.o)
 .ARM.attributes
                0x0000082f       0x34 C:/ST/STM32CubeIDE_1.15.1/STM32CubeIDE/plugins/com.st.stm32cube.ide.mcu.externaltools.gnu-tools-for-stm32.12.3.rel1.win32_1.0.100.202403111256/tools/bin/../lib/gcc/arm-none-eabi/12.3.1/../../../../arm-none-eabi/lib/thumb/v7e-m+fp/hard\libc_nano.a(libc_a-freer.o)
 .ARM.attributes
                0x00000863       0x34 C:/ST/STM32CubeIDE_1.15.1/STM32CubeIDE/plugins/com.st.stm32cube.ide.mcu.externaltools.gnu-tools-for-stm32.12.3.rel1.win32_1.0.100.202403111256/tools/bin/../lib/gcc/arm-none-eabi/12.3.1/../../../../arm-none-eabi/lib/thumb/v7e-m+fp/hard\libm.a(libm_a-w_log.o)
 .ARM.attributes
                0x00000897       0x34 C:/ST/STM32CubeIDE_1.15.1/STM32CubeIDE/plugins/com.st.stm32cube.ide.mcu.externaltools.gnu-tools-for-stm32.12.3.rel1.win32_1.0.100.202403111256/tools/bin/../lib/gcc/arm-none-eabi/12.3.1/../../../../arm-none-eabi/lib/thumb/v7e-m+fp/hard\libm.a(libm_a-s_nan.o)
 .ARM.attributes
                0x000008cb       0x34 C:/ST/STM32CubeIDE_1.15.1/STM32CubeIDE/plugins/com.st.stm32cube.ide.mcu.externaltools.gnu-tools-for-stm32.12.3.rel1.win32_1.0.100.202403111256/tools/bin/../lib/gcc/arm-none-eabi/12.3.1/../../../../arm-none-eabi/lib/thumb/v7e-m+fp/hard\libm.a(libm_a-e_log.o)
 .ARM.attributes
                0x000008ff       0x22 C:/ST/STM32CubeIDE_1.15.1/STM32CubeIDE/plugins/com.st.stm32cube.ide.mcu.externaltools.gnu-tools-for-stm32.12.3.rel1.win32_1.0.100.202403111256/tools/bin/../lib/gcc/arm-none-eabi/12.3.1/thumb/v7e-m+fp/hard\libgcc.a(_arm_addsubdf3.o)
 .ARM.attributes
                0x00000921       0x22 C:/ST/STM32CubeIDE_1.15.1/STM32CubeIDE/plugins/com.st.stm32cube.ide.mcu.externaltools.gnu-tools-for-stm32.12.3.rel1.win32_1.0.100.202403111256/tools/bin/../lib/gcc/arm-none-eabi/12.3.1/thumb/v7e-m+fp/hard\libgcc.a(_arm_muldivdf3.o)
 .ARM.attributes
                0x00000943       0x22 C:/ST/STM32CubeIDE_1.15.1/STM32CubeIDE/plugins/com.st.stm32cube.ide.mcu.externaltools.gnu-tools-for-stm32.12.3.rel1.win32_1.0.100.202403111256/tools/bin/../lib/gcc/arm-none-eabi/12.3.1/thumb/v7e-m+fp/hard\libgcc.a(_arm_cmpdf2.o)
 .ARM.attributes
                0x00000965       0x22 C:/ST/STM32CubeIDE_1.15.1/STM32CubeIDE/plugins/com.st.stm32cube.ide.mcu.externaltools.gnu-tools-for-stm32.12.3.rel1.win32_1.0.100.202403111256/tools/bin/../lib/gcc/arm-none-eabi/12.3.1/thumb/v7e-m+fp/hard\libgcc.a(_arm_unorddf2.o)
 .ARM.attributes
                0x00000987       0x22 C:/ST/STM32CubeIDE_1.15.1/STM32CubeIDE/plugins/com.st.stm32cube.ide.mcu.externaltools.gnu-tools-for-stm32.12.3.rel1.win32_1.0.100.202403111256/tools/bin/../lib/gcc/arm-none-eabi/12.3.1/thumb/v7e-m+fp/hard\libgcc.a(_arm_truncdfsf2.o)
 .ARM.attributes
                0x000009a9       0x22 C:/ST/STM32CubeIDE_1.15.1/STM32CubeIDE/plugins/com.st.stm32cube.ide.mcu.externaltools.gnu-tools-for-stm32.12.3.rel1.win32_1.0.100.202403111256/tools/bin/../lib/gcc/arm-none-eabi/12.3.1/thumb/v7e-m+fp/hard/crtn.o
OUTPUT(GENERAL_PURPOSE_BOARD_CODE.elf elf32-littlearm)
LOAD linker stubs
LOAD C:/ST/STM32CubeIDE_1.15.1/STM32CubeIDE/plugins/com.st.stm32cube.ide.mcu.externaltools.gnu-tools-for-stm32.12.3.rel1.win32_1.0.100.202403111256/tools/bin/../lib/gcc/arm-none-eabi/12.3.1/../../../../arm-none-eabi/lib/thumb/v7e-m+fp/hard\libc.a
LOAD C:/ST/STM32CubeIDE_1.15.1/STM32CubeIDE/plugins/com.st.stm32cube.ide.mcu.externaltools.gnu-tools-for-stm32.12.3.rel1.win32_1.0.100.202403111256/tools/bin/../lib/gcc/arm-none-eabi/12.3.1/../../../../arm-none-eabi/lib/thumb/v7e-m+fp/hard\libm.a
LOAD C:/ST/STM32CubeIDE_1.15.1/STM32CubeIDE/plugins/com.st.stm32cube.ide.mcu.externaltools.gnu-tools-for-stm32.12.3.rel1.win32_1.0.100.202403111256/tools/bin/../lib/gcc/arm-none-eabi/12.3.1/thumb/v7e-m+fp/hard\libgcc.a

.debug_info     0x00000000    0x1c851
 .debug_info    0x00000000      0x919 ./Core/Src/freertos.o
 .debug_info    0x00000919     0x2d7f ./Core/Src/main.o
 .debug_info    0x00003698      0xfe4 ./Core/Src/stm32f3xx_hal_msp.o
 .debug_info    0x0000467c      0xac2 ./Core/Src/stm32f3xx_hal_timebase_tim.o
 .debug_info    0x0000513e     0x11de ./Core/Src/stm32f3xx_it.o
 .debug_info    0x0000631c      0x407 ./Core/Src/system_stm32f3xx.o
 .debug_info    0x00006723       0x30 ./Core/Startup/startup_stm32f303zetx.o
 .debug_info    0x00006753      0x804 ./Drivers/STM32F3xx_HAL_Driver/Src/stm32f3xx_hal.o
 .debug_info    0x00006f57     0x15b2 ./Drivers/STM32F3xx_HAL_Driver/Src/stm32f3xx_hal_adc_ex.o
 .debug_info    0x00008509      0xf07 ./Drivers/STM32F3xx_HAL_Driver/Src/stm32f3xx_hal_can.o
 .debug_info    0x00009410      0xd14 ./Drivers/STM32F3xx_HAL_Driver/Src/stm32f3xx_hal_cortex.o
 .debug_info    0x0000a124      0x6a6 ./Drivers/STM32F3xx_HAL_Driver/Src/stm32f3xx_hal_gpio.o
 .debug_info    0x0000a7ca     0x149a ./Drivers/STM32F3xx_HAL_Driver/Src/stm32f3xx_hal_rcc.o
 .debug_info    0x0000bc64      0x61b ./Drivers/STM32F3xx_HAL_Driver/Src/stm32f3xx_hal_rcc_ex.o
 .debug_info    0x0000c27f     0x2a70 ./Drivers/STM32F3xx_HAL_Driver/Src/stm32f3xx_hal_tim.o
 .debug_info    0x0000ecef     0x156d ./Drivers/STM32F3xx_HAL_Driver/Src/stm32f3xx_hal_tim_ex.o
 .debug_info    0x0001025c     0x21bf ./Middlewares/Third_Party/FreeRTOS/Source/CMSIS_RTOS/cmsis_os.o
 .debug_info    0x0001241b      0x2aa ./Middlewares/Third_Party/FreeRTOS/Source/list.o
 .debug_info    0x000126c5     0x22b3 ./Middlewares/Third_Party/FreeRTOS/Source/tasks.o
 .debug_info    0x00014978      0x4de ./Middlewares/Third_Party/FreeRTOS/Source/portable/GCC/ARM_CM4F/port.o
 .debug_info    0x00014e56      0x3c3 ./Middlewares/Third_Party/FreeRTOS/Source/portable/MemMang/heap_4.o
 .debug_info    0x00015219     0x13eb ./app_drivers/src/adc.o
 .debug_info    0x00016604     0x1345 ./app_drivers/src/can_driver.o
 .debug_info    0x00017949      0x394 ./app_drivers/src/common.o
 .debug_info    0x00017cdd     0x111a ./app_drivers/src/dbc.o
 .debug_info    0x00018df7     0x1072 ./app_drivers/src/hashmap.o
 .debug_info    0x00019e69      0x705 ./app_drivers/src/message_support.o
 .debug_info    0x0001a56e     0x1194 ./app_drivers/src/middleware.o
 .debug_info    0x0001b702      0x10a ./app_drivers/src/number_operations.o
 .debug_info    0x0001b80c     0x1045 ./app_drivers/src/sensor.o

.debug_abbrev   0x00000000     0x3f7c
 .debug_abbrev  0x00000000      0x16f ./Core/Src/freertos.o
 .debug_abbrev  0x0000016f      0x3c1 ./Core/Src/main.o
 .debug_abbrev  0x00000530      0x1d8 ./Core/Src/stm32f3xx_hal_msp.o
 .debug_abbrev  0x00000708      0x1f4 ./Core/Src/stm32f3xx_hal_timebase_tim.o
 .debug_abbrev  0x000008fc      0x1f8 ./Core/Src/stm32f3xx_it.o
 .debug_abbrev  0x00000af4      0x11a ./Core/Src/system_stm32f3xx.o
 .debug_abbrev  0x00000c0e       0x24 ./Core/Startup/startup_stm32f303zetx.o
 .debug_abbrev  0x00000c32      0x215 ./Drivers/STM32F3xx_HAL_Driver/Src/stm32f3xx_hal.o
 .debug_abbrev  0x00000e47      0x28e ./Drivers/STM32F3xx_HAL_Driver/Src/stm32f3xx_hal_adc_ex.o
 .debug_abbrev  0x000010d5      0x231 ./Drivers/STM32F3xx_HAL_Driver/Src/stm32f3xx_hal_can.o
 .debug_abbrev  0x00001306      0x31e ./Drivers/STM32F3xx_HAL_Driver/Src/stm32f3xx_hal_cortex.o
 .debug_abbrev  0x00001624      0x1ca ./Drivers/STM32F3xx_HAL_Driver/Src/stm32f3xx_hal_gpio.o
 .debug_abbrev  0x000017ee      0x300 ./Drivers/STM32F3xx_HAL_Driver/Src/stm32f3xx_hal_rcc.o
 .debug_abbrev  0x00001aee      0x221 ./Drivers/STM32F3xx_HAL_Driver/Src/stm32f3xx_hal_rcc_ex.o
 .debug_abbrev  0x00001d0f      0x278 ./Drivers/STM32F3xx_HAL_Driver/Src/stm32f3xx_hal_tim.o
 .debug_abbrev  0x00001f87      0x283 ./Drivers/STM32F3xx_HAL_Driver/Src/stm32f3xx_hal_tim_ex.o
 .debug_abbrev  0x0000220a      0x416 ./Middlewares/Third_Party/FreeRTOS/Source/CMSIS_RTOS/cmsis_os.o
 .debug_abbrev  0x00002620       0xf5 ./Middlewares/Third_Party/FreeRTOS/Source/list.o
 .debug_abbrev  0x00002715      0x3d0 ./Middlewares/Third_Party/FreeRTOS/Source/tasks.o
 .debug_abbrev  0x00002ae5      0x25c ./Middlewares/Third_Party/FreeRTOS/Source/portable/GCC/ARM_CM4F/port.o
 .debug_abbrev  0x00002d41      0x205 ./Middlewares/Third_Party/FreeRTOS/Source/portable/MemMang/heap_4.o
 .debug_abbrev  0x00002f46      0x22b ./app_drivers/src/adc.o
 .debug_abbrev  0x00003171      0x234 ./app_drivers/src/can_driver.o
 .debug_abbrev  0x000033a5      0x10f ./app_drivers/src/common.o
 .debug_abbrev  0x000034b4      0x1a6 ./app_drivers/src/dbc.o
 .debug_abbrev  0x0000365a      0x226 ./app_drivers/src/hashmap.o
 .debug_abbrev  0x00003880      0x184 ./app_drivers/src/message_support.o