../Core/Src/main.c:70:5:main	128	static
../Core/Src/main.c:117:6:SystemClock_Config	160	static
../Core/Src/main.c:159:13:MX_ADC1_Init	48	static
../Core/Src/main.c:213:13:MX_CAN_Init	8	static
../Core/Src/main.c:239:13:MX_GPIO_Init	64	static
../Core/Src/main.c:470:6:StartDefaultTask	16	static
../Core/Src/main.c:498:6:StartTask02	16	static
../Core/Src/main.c:528:6:StartTask03	16	static
../Core/Src/main.c:555:6:StartTask04	24	static
../Core/Src/main.c:601:6:HAL_TIM_PeriodElapsedCallback	16	static
../Core/Src/main.c:614:6:Error_Handler	4	static,ignoring_inline_asm
